12114
NUM
有限公司
，
的
公司
（
）
、
股份
<e1>
</e1>
<e2>
</e2>
“
”
简称
为
以下
担保
年
交易
,
《
》
子公司
一
万元
关联
提供
概述
月
控股
.
日
集团
投资
人民币
了
与
情况
NUM%
董事会
审议
申请
向
通过
贷款
全资
会议
议案
股权
期限
本次
不
关于
股东
：
发展
超过
银行
拟
上海
在
和
借款
同意
以
根据
协议
亿元
及
北京
保证
经营
授信
融资
票
合同
业务
资金
持有
)
(
集团股份
连带责任
需要
分行
科技
于
其
支行
综合
或
有限责任
财务
项目
签署
科技股份
召开
规定
管理
中国
资产
签订
构成
转让
拟向
董事
股票
授信额度
金额
并
对
开发
上市
先生
租赁
将
规则
深圳市
流动资金
相关
事项
江苏
中
由
股东大会
等
经
建设
额度
实际
出资
表决
增资
；
该
一年
浙江
因
上述
生产
发行
人
委托
-
国际
实业
深圳
方式
企业
控制
共同
收购
对外
能源
房地产
总额
深圳证券交易所
合伙
进行
公开
号
非
新
天津
设立
基本
信托
临时
后
满足
技术
置业
年度
认购
注册资本
比例
次
化工
其中
反对
"
弃权
所
山东
用于
元
广东
南京
基金
占
使用
下属
工程
电子
杭州
有关
利率
个
自
材料
回避
关联方
安徽
有限
香港
评估
之
第五届
重庆
批准
宁波
办理
需求
内
最高额
给
第三届
第六届
持股
大
是
上海证券交易所
暨
产业
药业
地产
为准
公告
广州
具体
河南
服务
中国银行
至
作为
计划
新疆
四川
福建
苏州
已
武汉
之日起
—
成都
价格
为了
按
及其
资助
上市公司
如下
湖北
下称
电力
合作
购买
中航
珠海
独立
生效
金融服务
部分
第四届
系
第
内容
整
土地
/
拟以
同期
控股集团
二
日常
支持
招商银行
提高
新能源
条件
环保
由于
同时
最高
汽车
矿业
质押
总
设备
按照
云南
主要
光电
鉴于
现金
其他
证券
继续
信息
东方
合计
包括
下
支付
发行股票
参股
到期
湖南
以及
第七届
资源
股
约定
实施
集团公司
完成
自有
贸易
募集
第二届
基准利率
江西
银行贷款
本
重大
补充
抵押
交通银行
山西
厦门
授权
双方
债权
上
履行
机械
进一步
资本
医疗
债务
全部
关系
发生
战略
医药
含
分别
商业
电气
结果
青岛
名称
可
内蒙古
中心
中信银行
第八届
对象
标的
董事长
文化
销售
名
工业
受让
物流
披露
公司章程
因此
商业银行
达
决定
就
目前
陕西
房产
需
中国工商银行
万美元
承兑汇票
市场
资产重组
健康
最终
开展
三年
采购
拟将
西安
金融
称
增加
大连
降低
成本
制药
审计
协商
万股
参与
提交
中粮
事宜
详见
通讯
智能
信用
海南
意见
净资产
联合
供应链
自然人
确定
两年
第一次
该笔
编号
发电
平安
承担
利息
航空
中国建设银行
一致
存款
旅游
调整
食品
沈阳
渤海
附
装备
效率
获得
传媒
使用权
累计
运营
未
期间
正常
日至
第二次
位于
怡亚通
第一
行为
热电
范围
甘肃
决议
年利率
近日
煤业
费用
西藏
合肥
执行
成立
一期
环境
生物
该项
西部
能力
预计
万
水泥
贵州
金融机构
核准
进出口
均
中孚
平方米
时
制造
天
余额
此次
拥有
股本
海运
分公司
产品
结算
第三次
框架
法人
信息技术
哈尔滨
属于
中国农业银行
反担保
广西
女士
北方
航天
中信
宁夏
投
以上
出售
证券报
协议书
且
％
赞成
合资
约
发表
第四次
优化
暂定名
实现
中国人民银行
孙
审批
总公司
但
上海浦东发展银行
三
保函
有效期
兴业银行
纸业
通信
中国民生银行
铝业
委员会
新增
节能
一年期
出具
短期
:
风险
壹年
长春
解决
通知
日起
乙方
项
创业板
房屋
酒店
长沙
农业
涉及
原
计算
投资者
甲方
网络
已经
规模
扩股
故
信用证
高新
从事
海航
杭萧
程序
认缴
创业投资
软件
合伙人
城市
金
被
价值
电器
仟
截至
机电
福州
方案
单位
要求
此项
经济
福建省
渠道
中国证监会
特定
创新
有效
长江
A股
地
路
泛海
即
本金
郑州
前
并购
各
河北
促进
配套
路桥
相应
对方
现
系统
农村
提升
基础
具体内容
扩大
推进
规范
间接
需提交
接受
方
重工
银座
第六次
机构
确保
无锡
整体
华夏银行
保障
权益
最近
<
>
高科技
之间
变更
加快
总金额
物业
未来
中海
日止
到
都
低于
办法
所属
钢铁
注册
担任
持续
发放
补充协议
依据
华融
．
时代
泰
化学
银行借款
水电
从
境外
文件
有
第七次
被担保人
数量
存在
拟为
南方
主合同
地块
亿
此
增强
截止
南通
阳光城
精密
认可
[
]
取得
www
无需
光伏
届满
保理
新华联
开立
共计
第五次
com
国家
符合
监督管理
玻璃
自动化
芜湖
cn
吉林
固定资产
贷款额度
第八次
网站
动力
问题
中建
研究院
报告
国电
国
同
不可
汕头
工商
目标
国有资产
概况
金控
亿利
材
担保责任
青海
法律
创业
石化
华联
放弃
持
拓展
港
大厦
贰
天地
价款
北京分行
中国光大银行
叁
合并
种业
撤销
总经理
原则
水务
循环
第九次
拓宽
煤炭
中标
国安
烟台
兴业
黄金
信
事前
能
城
大通
阳光
海
基业
直接
民生
出资额
登记
新华
第十四次
债权人
平台
医药集团
等值
第十六次
股份公司
广州市
度
长城
发起
浦发银行
小额贷款
高于
资金周转
研究
互保
第十一次
信息产业
结构
纺织
化工集团
同业
石油
宜化
辽宁
中关村
研发
佛山
开发区
工作
员工
同一
福
高新技术
基地
国际贸易
华电
主体
周转
义务
竞争
托管
京新
上海市
民生银行
面积
高速公路
条
燃气
项下
挂牌
信贷
华谊
法定代表
第十三次
建材
盈利
上浮
重组
华润
承诺
优势
电
敞口
东莞
电缆
东南
具体情况
广东省
源
法尔
第十七次
形式
专项
起
整合
常州
万向
智慧
交易所
第十九次
收到
证券时报
成为
实业集团
第十五次
领域
顾问
责任
全额
日期
贰仟
公布
巨潮
紫光
名流
国投
首都
昆明
临
字
其余
也
华东
钢构
在内
已于
第十八次
南昌
第十次
之一
形成
置换
刊登
华天
煤电
基准日
唐山
交易价格
南
惠州
受让方
限额
连带
华夏
近期
即将
广场
胜
章程
他
装饰
北京市
国内
承兑
钢结构
产权
核定
资讯网
兰州
进展
竞争力
厂房
凤凰
偿还
苏宁
三元
建筑
财富
日以
太钢
业
东旭
做
减少
矿业集团
时间
株洲
办公
咨询
限于
第十二次
为此
水源
碧
修订
银行业
发
顺鑫
而
期
安徽省
超声
票据
熊猫
各方
推动
有色金属
国贸
庞源
活动
安排
内部
生物工程
运输
售后
万吨
照明
中南
大唐
具有
港务
风电
还款
山东省
设计
利益
数字
创投
全体
用
第二十一次
电源
第二十次
世纪
归还
第二十二次
鑫
高科
大华
保证金
顺利
济南
考虑
建设银行
回租
华发
回购
展期
有色
冶金
层
定向
湘潭
铁路
连带保证
所持
互联网
营业部
第二十六次
】
达到
高速
丰乐
东方集团
【
过去
主营业务
尚
担保方
机场
负责
招商局
所有
债券
第二十四
总计
确认
电机
幸福
西山
第二
重新
交通
利用
五届
娱乐
荣盛
工程项目
权
法规
负债
特种
神州
分
天然气
商贸
万方
电工
广发
中国进出口银行
生态环境
北
中央
改造
产生
建筑面积
额
广晟
资本金
鞍钢
恒天
复星
毅昌
区
数据
生态
成
环球
安控
伊泰
贷
第二十三
电子商务
海洋
快速
化纤
定价
德
份额
成都市
代理
广宇
普天
收取
控股公司
用途
中科
现代
松江
漳州
捌
太阳能
应收
一致同意
浙商
梅林
技术开发区
加强
壹仟
缓解
外币
河南省
珠江
天富
二期
公司法
指定
投入
鸿基
基于
应
工商银行
滨海
中原
中交
中远
意向
在建
达安
精工
商城
盛
大族
美元
手续
国药
主
租金
占用费
更好
提请
微电子
江南
宏达
奥飞
专业
壹
￥
受托
值为
贵阳
海峡
结合
码头
三鑫
张家港
中工
水平
部门
光明
规划
三方
合理
江苏省
徐州
生物科技
美国
网络科技
壹亿元
再
二年
包含
许可
方大
组建
绍兴
美
共
园林
款项
天马
预案
布局
天津市
天成
品种
资产负债率
施工
cninfo
商场
云
万通
永高
银鸽
影响
第二十五次
债务人
证监
现有
石家庄
闽
基因
sse
对应
备案
莱茵
酒业
江阴
宝
管理层
情形
主业
制度
包装
普通
研究所
金科
五矿
新大陆
云投
连锁
前述
招商
煤
第二十八
股权结构
凌云
新能
洁能
达成
年期
为期
设施
金融业务
之附
国资
金属
云南省
核心
昆山
佛山市
工贸
国家开发银行
说明
无
全票
吴江
福星
百联
如
友好
标准
款
续签
终止
进一步提高
光大银行
监事会
三湘
万科
国资委
南山
收益
为止
通
外
赛格
银河
海王
美好
泰山
华
一次
中华
属
除
飞机
压力
中铝
世联
亿美元
保外
产业链
不再
汇通
十二个
铜陵
办公楼
林业
亿城
国机
亚盛
A
每笔
本着
母公司
浙江省
太原
上虞
游艇
生产线
工商登记
法律法规
效益
华鑫
为主
营运
安全
新加坡
世
二局
或者
及经
五年
经营范围
欧元
计入
海泰
Limited
物业管理
副总经理
营销
尚未
中洲
中行
皇氏
第二十九次
新城
淄博
荣安
兼
电投
华盛
资管
吨
性
条款
闲置
贴现
煤矿
农化
廊坊
管道
另
自身
集合
追加
减资
电子科技
启迪
爱康
完善
财务费用
账款
高
思壮
嘉寓
类型
第三十次
完毕
利欧
名下
行业
同日
资格
提前
方正
百货大楼
正
原材料
远东
科工
银亿
巨化
长安
日为
中山
运作
决策
过程
威海
第二十七次
湖南华
大写
重庆市
影视
管理中心
物资
特
指引
联行
中青旅
厂
折合
建行
剩余
升级
集成
附属
状况
黑龙江
首创
家
优先
华能
每
尚须
幕墙
紫金
供应
四届
海口
渝
数码
值
传播
神火
上海银行
科技园
产业园
稳定
损害
同方
公告日
第一届
正式
人民银行
有效期限
支付现金
http
英
天业
中珠
镇江
日前
账户
置
年产
协商一致
总院
海外
半导体
享有
四川省
稀土
城投
凯迪
电站
木业
太阳
泰豪
宋都
用地
合法
收益权
权限
三峡
出版
力
生物化学
佳
金刚
弘业
扬州
避免
四
新区
第九届
蓝天
嘉兴
国有
皇庭
珠海市
中福
谷
桑德
东华
天龙
国创
青旅控股
单笔
发布
农行
零部件
受
后续
长期
产权交易
湖北省
粤
不锈钢
洛阳
新材
梦舟
九鼎
桂林
转型
保险
各项
加工
开具
希望
斯
合众
荃
旗滨
目的
作价
福田
宁波市
船
并于
补偿
账面
不变
承包
华金
潍坊
中弘
管理人员
建设项目
东
副董事长
中色
大同
太阳鸟
普通股
货币
批复
中小企业
解除
振华
出租
六届
兄弟
双良
阳泉
中电投
北海
摩恩
担保书
权利
采用
每股
借款人
伍仟
水
评报
赤峰
山
中铁
第三十一次
须
港口
公允
深交所
一汽
管理制度
银
仍
经过
作
友谊
出口
远兴
升达
船舶
鹏欣
宏图三胞
东莞市
Ltd
尚需
监事
基础设施
铜业
光学
无偿
运行
通用
新兴
建筑物
工程机械
金陵
华西
联创
滨州
混凝土
予以
给予
公积
建设工程
融通
煤化工
海印
建立
西南
现将
提出
楼
与会
丝绸
盛世
期货
财产保险
性保函
纺织品
检测
泰安
海润
炭素
宏图
光正
恒丰
见
自愿
连续
审核
康
参加
比
冀中
大会决议
机关
保
东风
焦化
同受
亦
电化
浪潮
九通
管理部
中冶
世界
聘请
生活
本项
商行
恒力
时尚
物产
万年青
京能
投资方
行动
宜昌
工程施工
保利
公开招标
锦江
;
决策程序
亚太
中兴
广告
日经
德国
宜宾
嘉信
院
特钢
上午
格林
冠城
好
函
平等
第三十四
商品
#
备用
经营性
湖
国星
东睦新
美克
港区
佰
类别
可能
无线
七届
原料
升
云南铜业
网新
高级
一家
鸿
车辆
内向
四川长虹
互联
科技实业
钛业
光大
通化
亨通
仪电
前提
现场
盘活
子
湖南省
成员
顺德
履行期
中小
医疗器械
热力
招标
CNUM
岛
金汇
卧龙
天管
步步高
骆驼
立思辰
易
中华人民共和国
违约金
前期
及时
提取
印刷
医院
改善
农
西宁
流通股
绝对值
导航
久联
华翔
科技园区
创格
总数
参照
亚星
恒生
乌鲁木齐
张
经纬
航运
发动机
黄山
天润
服饰
乳业
天奇
中盟
正广
政策
中国证券监督管理委员会
该行
待
中联
·
电池
顺利开展
激光
安装
利害关系
行使
平潭
十五
品牌
海龙
博源
中源
泵业
华兰
云天化
世茂
国祯
亿伍
与其
器材
NUMMW
续贷
潜在
盛京
出让
开拓
诊断
含本数
工程技术
铝电
融创
永安
焦煤
三维
产业化
国美
新海
教育
铜峰
动力源
境内
B
总价
农业银行
履约
十次
报表
显示
体育
中石化
锂业
长源
蓝光
钽业
整合营销
王
同档次
其所
区域
人为
接到
登记手续
丰原
泸天化
恒信
积极
英特
巴士
应用
轴承
华泰
农垦
啤酒
数控
乐
泰岳
迪安
%
拆借
租用
机组
较
徽商
暂定
延长
介绍
*
若
金一
以内
金洲
农业发展银行
南宁
中国有色金属建设股份有限公司
电脑
宣威
序号
银监会
风力
第三十三
则
投标
第三方
华信
矿冶
出
二级
进口
没有
华控
经营规模
质量
国信
力合
处理
北京华
太极
行
百川
中储
键桥
金健
港币
引进
保税
方面
宝安
集中
良好
处置
无条件
每年
进度
全球
湘海
清华
+
存贷款
等额
充分
汇丰银行
百货
石油机械
爆破
三花
空港
银高科
欧菲光
新筑
万安
信威
协和
房
伍佰
昆仑
总行
担保人
亚洲
中央商务区
吉林省
投票权
提款
地上
下浮
俱乐部
止
金圆
中环
天津泰达
滨江
滁州
安泰
国脉
宇顺
姚记
富瑞
海力
重要
日后
吸收
统一
对价
罚息
财产
竞买
第三十二
收购价格
深度
认为
代表
证券日报
堂
甘肃省
同洲
无限
塑业
锌
卫星
神雾
传化
茂硕
神马
维科
湘电
开始
建
政府
高新区
供热
建工
国有土地
－
冰山
污水处理
计
电子信息
化
盐湖
诚通
各类
南风
赣州
金属材料
中山大学
盛运
缘
强
还
板
株式会社
公司债券
保持
承接
转让方
半年
根据上述
会议室
媒体
租期
永泰
可以
保荐
晨光
长荣
钢铁集团
金牛
科达
硕贝德
首开
搬迁
下同
增发
倍
全面
工商行政
正在
九江
仓储
到位
类
焦作
货币资金
逸
大唐电信
牧业
糖业
中车
治理
栖霞
广汇
南洋
节约
中外运
手续费
岭南
广电
简介
天保
报告书
中核
紧张
设计院
蓝海
美利
獐子
蓝帆
中超
天壕
人民
董事局
纳入
亩
蛇口工业区
职务
到期日
园
营口
五
超市
财信
柳州
天城
供销
润达
重机
景星
华峰
盛屯
兴发
平煤
利亚德
凯乐
林州市
林丰
充分利用
沙河
农产品
产
更名
发起人
资质
电商
六
任何
年初
温州
宜
公路
事务所
技术改造
农商
包头
江西省
鑫茂
卫浴
亚通
牧原
港九
今世
互动
农村信用
供应商
计息
工程建设
保税区
之日止
基准
第三十五
杨
西
显示器
国兴
山铝业
天山
云商
米克
旋极
美都
香溢
拉萨
联社
场所
摘牌
充分发挥
地点
邦
各自
化学工业
工商部门
钢
机器人
创意
京汉
往来
国光
国旅
金风
奇正
电建
华仪
俞其兵
长航
珠宝
维护
地下
名非
文化传媒
受托人
使
事务
淮安
中鼎
远
网架
天安
世联小贷
齐心
南国
特殊钢
香溢金联
中期
机器设备
RMBNUM
明确
注册资金
买卖
一切
财务管理
陈
备忘录
小贷
兵工
表决权
住房
利润
徐工
新建
豁免
丙方
园区
橡胶
宝塔
燃料
京
讯
唐
节水
佛塑
复合材料
广百
科开
珈
海联
张江高
杉杉
需由
华新
有利于
赤湾
招行
集装箱
工行
度为
曾
自主
抵押物
购物广场
兵器
污水
一系列
科
金智
华映
江铃
陆仟
陕西省
金龙
售
用品
山西省
海盛
国金
露笑
德联
视网
战略规划
另外
厦门市
费
收入
腾邦
永诚
空调
第三十七
产能
电信
中油
发挥
新型
净利润
公用
拟非
风能
台州
长盈
鲁泰
龙源
软控
澳洋
东软
空运
杭州市
式
更
打造
LIMITED
自筹资金
×
预期
后方
措施
陆家嘴
随着
东方明珠
中化
拟用
创
金信
监管
饭店
客车
远大
冶
商标
舟山
如意
七匹狼
珍珠
杭氧
通策
科技产业
―
花园
号文
规范性
大酒店
号楼
本息
GmbH
私募
冶炼
国华
当代
蜡化
阳煤
体
养殖
磷
国盛
浙大
沧州
太仓
智联
金王
恒基
国联
华测
唐德
信息化
货款
原有
一次性
神州数码
年末
镇
第四
放款
宜华
模式
蚌埠
富邦
冀东水泥
SPV
捐赠
金路
万泽
客户
数额
城镇
泰达
本年度
长信
在线
金宇
暴风
押汇
浔兴
星湖
重装
彩虹
阿
常德
亚玛顿
上海浦东
刚泰
梅山
应付
小
不足
同类
期限内
建筑工程
海信
落实
自动
门窗
横琴
来
理财
通达
四环
北部湾
伟业
合金
制品
苏
石蜡
铝
上海东方
印制板
众合
信贷业务
基因工程
盾安
民爆
莲花
澄星
江泉实业
鲁商
粤泰
圣亚
吉隆
个人
广东发展银行
现任
㎡
第三十八
无息
交易中心
移动
增至
首次
绿色
贷款人
清偿
工业园
润
组织
葛洲坝
华星
光电子
约合
一定
水业
家居
兆
阳
大成
泰禾
东湖
驰宏
奥克
北斗
联网
钢联
飞利信
红
沈阳市
汇率
皖能
合格
亿股
加拿大
生化
大道
相同
烽火
四维
产品销售
漳泽
新洋
金鹰
阿波罗
合同条款
启东
自贡
莱美
同济
深
扩建
中恒
旗下
不得
我司
八届
电厂
赔偿金
拍卖
第三十六
所有权
具备
交割
有权
型
招投标
多
江山
网
丽珠
视讯
合
村镇
理财产品
友
金桥
保定
钛
诺
众
浩物
袁隆平
诸暨
NBHX
耐特
海亮
超募
骄阳
精华
黄石
辉丰
东方网
耐威
副总裁
中药
较大
上限
第三十九
由此
王家墩
出席会议
组成
金融街
算
李
中兵
技改
省
大集
海药
轮胎
海螺
吴中
华讯
地址
恒逸
处理厂
船务
固安
宗申
伟
报喜鸟
宝胜
扬子
信邦
钜
平顶山
灵
铁汉
文峰
蒙草
华烁
安琪
三期
担保费
地区
货运
弃权票
采取
潍柴
步伐
公交
双环科技
呼和浩特
会计师
技术开发
制冷
若干
件
锅炉
法
宝鸡
华邦
青海省
苏州工业园区
安信
楚天
襄阳
净资产值
鑫晟
银星
游族
华宇
潮
扑克
焊接
浙能
览
段
水利
方向
臵
航空工业
委托方
之后
融合
代
化学品
转移
通知书
人民政府
长虹
机遇
委托人
日照
和平
华联商厦
韶关
住所
日本
仍为
黄河
控制技术
新联
三友
荣成
广泰
拓日
爱施德
东江
农场
海翼
荣华
大西洋
园城
长远
ANUM
顺利进行
中长期
物
单一
幢
林
百大
三届
初步
三年期
权证
国泰
连云港
预算
建投
发行人
东银
认定
印象
上峰
智度
兴化
处于
高鸿
茂业
开滦
德豪润
安健信
汽轮
冠福
张江
天创
翰宇
磷电
当家
费率
增值
超
位
以经
十年
天虹
黄
人员
原因
金华
证券公司
机会
柳工
重型
西湖
从而
吴
梅县
不断
兴
远洋
青山
动漫
精功
立讯
鲁
欧亚
豫联
本行
交易日
星源
资讯
详情请
承销
马
汕头市
实力
山水
金融中心
写字楼
本合同
三次
加大
软件技术
汽车集团
对此
冀东
压缩机
典当
保护
管理水平
齐鲁
湛江
商品房
合肥市
扣除
长安汽车
是否
第三
工具
金鸿
单项
报字
龙泉
临港
中纺
华菱
河化
北汽
金山
华科技
总量
湘潭市
联众
新纶
康盛
梅泰诺
宣城
农工商
米业
中牧
两面针
五洲
团队
瑞
改革
人均
复利
交易成本
肇庆
导致
国有资本
二十
适应
华意
东路
中路
签定
开元
额为
马鞍山
纤维
印务
存
富
利
秦皇岛
华源
特别
远望
成飞
泰州
天盛
南泰
华胜天
飞乐
界龙
驼峰
均价
账
资源整合
桑达
购销
间
德赛
承包合同
联合体
站
业绩
台
村
借款方
买卖合同
生物医药
存量
配偶
出席
白银
管理局
中汇
金岭
常熟
晟
方舟
付款
北大
影业
泽
东港
楚江
腾达
双成
强联
长发
江泉
酵母
大连港
深圳发展银行
南京市
注入
增长点
塑胶
十名
零售
做出
营业
从业
第四十二
无须
玖
任职
期满
畜牧
深圳华强
龙
铸造
城建
三个
天海
靖远
得
系统集成
新大洲
宝实
宏大
塑料
兵装
喀什
嘉
笔
股数
丰肥业
惠誉
种子
五天
千足
启明星
灿坤
金亚
蓝色
国腾
千里
森林工业
雨润
置信
红阳
玻
场地
购置
港航
文
奥
竞拍
拟作为
拾
受益人
衡阳
基建
亏损
六个月
资金来源
天华
常山
经营层
培育
富龙
生物制药
筹建
国开
总裁
泊位
建瓯
提案
延伸
社会
共赢
建新
川
书面
新世纪
跨境
不锈
汉江
油气
湖州
黑龙江省
募投
欣龙
资源配置
恒康
东兴
新型建材
华中
歌尔
东睦
新亚
防务
海立
汉河
康仁堂
日照港
梁祝
创兴
万恒
广联
陆家嘴金融贸易区
龙建
泓
沟通
运用
净额
监理
差额
伍
年内
梧桐
投资人
管理费
柒仟
钱江
不动产
周
供货
起始
林先生
S
其它
现已
一个
数码科技
香料
三洋
肆仟
沙隆达
板块
金叶
罗牛山
富通
鞍山
记载
如皋
交银
共享
辽宁省
模塑科技
永兴
鲁西
津滨发展
PPP
隆平
伟星
天玑
陶瓷
万达
海鸥
运通
中昌
黑牛
科伦
天沃
坚瑞
首创股份
祁连山
细胞
北路
TNUM
退出
太平洋
特发
固定
优先购买
再次
肆
C
总部
首期
推广
成功
地铁
玉溪
以来
美的
新昌
商务
沈机
证券法
承租人
以其
唯一
参考
金马
信托投资公司
粮食
天数
托
茂名
能源开发
它
汇源
光通信
电器集团
承德
先进
成套
仪表
之外
科学
华闻
石油化工
国风
露天
印染
作业
拉法基
天津港
北辰
宜安
赢
大学
云谷
锐捷
广田
雪人
名轩
豫园
承租
高管
进入
公平
竞价
机器
配合
逐步
惠州市
河湾
第一期
公
尽快
依法
乐山
结束
净值
最大
邮政储蓄
钱潮
商厦
限
估价
国恒
级
钒
集成电路
新农
中实
相互
瑞德
道路
苏州市
此笔
文山
建造
首钢
包装材料
自动识别
基金会
尔
消防
新泰
宇商
水产
大北农
太安
伯恩
两江
人福
宋城
捷成
通裕
千山
凯尔
工大
申达
京御
通威
天士力
绿地
正泰
原名
博世
重点
刘
结息
片区
得到
东部
两家
现金流
还本付息
另行
总资产
分期
禾
司
专业化
第四十三
资金额
过
大街
〉
江
华锦
历史
配送
期内
淮南
开设
互相
沈阳机床
含税
聊城
年租金
西北
金融信息
永丰
江北
全权
系统工程
盐城
江门
型材
威
惠天
建筑材料
替代
资金不足
能源技术
北京东方
生命
风电场
灏
明珠
南兴
华孚
恒星
平海
货物
特玻
云海
国统
康得
金利
通鼎
海能
海兰信
吉祥
华录
中来
宏三
德源
哈药集团
拟定
膜
合同书
供电
商
出让方
华创
造成
获取
联
经营场所
社区
西路
资源优势
分销
电视
出资人
天健
任
铸管
盈峰
当前
金融公司
电力集团
代为
老
意向书
特殊
车间
周转资金
红塔
电石
华媒
期为
内为
储运
莱特
并且
新安
苏阀
简要
局
沥青
东营
亚
筹资
机械设备
精细化工
安
瑞泰
加工区
家居用品
德威
鹏
达鑫
澳柯玛
曙光
银江
久安
华氏
华虹
特变
外高桥
天泰
康恩贝
大洲
农房
两笔
人才
星河
市
予
公司公告
合作开发
过户
宗
地位
万千瓦
包商
第四十
陆
届时
回收
续租
农牧
需向
十五次
拟于
收益率
实收
之前
液压
河北省
生物制品
改制
氯碱
保险机构
南华
江东
种类
装置
扩展
光
海通
虚假
误导性
陈述
遗漏
大地
家具
自控
新街口
金农
东山
江河
美利纸业
陆续
二厂
光谷
产业布局
上海市分行
亚圣
象
森工
新乡
山河
免于
霍林河
天水
信息安全
爱仕达
龙马
问泽鸿
珠峰
特锐
当升
鸿利
长方
万孚
金钰
凌源
综艺
尖峰
浙报
博汇
操作
稳健
选择
街道
经济效益
优质
划转
金城
购物中心
成交
下半年
当事人
〈
服务费
力度
番禺
讨论
详细情况
当地
深圳机场
清洁
外贸
乌鲁木齐市
归属于
机床
水利电力
无法
经营权
菏泽
富华
分析
〔
〕
浪奇
合资企业
臻
临沧
南通市
丰富
家电
威孚
桐君阁
最大化
该次
象屿
百克
威尔
融信
鄂尔多斯市
兆瓦
京东方
获
大有
精细
集琦
同煤
九州
云铝股份
兵团
拨款
兼任
古交
专注
长
依
环欧
诺普信
中文
管材
润邦
泰鸿
快乐
安诺
刘伟
三聚
易成
英唐
中安
和谐
永鼎
浮法玻璃
湖水
亚宝
长电
华晨
上海强生
华远
上实
厦工
岳阳林纸
套
NUMA
少数
会
安置
单元
短期贷款
飞亚达
认真
缺口
第四十五
委贷
白鹭
承销商
饲料
办公室
前次
完整
借用
开展业务
代码
轮
对手
第四十六
闽东
硅谷
针对
煤化
阶段性
LTD
系列
康泰
优势互补
作出
红星
乙
鑫胜
天堂
曲轴
仓库
凯撒
同力
科学技术
江汉
宜宾市
炭黑
元泰
屯河
银湖
绿洲
粉末冶金
红安
巨轮
音响
市政
世博
财产权
室
福能
合兴
利尔
辉隆
美盛
金轮
红日
市长
蓝岛
大富
佐力
博腾
广厦
欧凯
上普
潞安
股票交易
嘉定
海淀区
数
高端
最长
存入
因素
巩固
大港
电力工程
壹拾
逾期
管
金鼎
全年
一体化
全文
高能
延期
轨道
国开行
投票
建成
达孜
三家
鄂尔多斯
占股
中润
梧州
荣居
建信
审计报告
融资券
无锡市
工艺
兰州市
倍特
建筑安装
矿山
华阳
万家
泉州
学校
双方同意
［
］
燕京
管业
变压器
钢管
桥梁
数据网络
央行
萧山
道
酒精
多元化
东盛
银泰
长青
旅业
螳螂
化学工程
华实业
禹城
上海大众
科冕
锦州
力生
正大
中康
兴宁
皮业
竹园
恒顺
远洋渔业
直租
泰胜
足球
东风汽车
南纺
洛阳玻璃
云赛
福耀
大商
中茵
宝泰隆
九龙
南路
空间
高铁
借助
计算机
折算
诚信
续借
每日
天楹
城南
东亚银行
存续
反对票
一层
仅
物资贸易
按期
大型
转
万宝
二次
TCL
华数
之日
信用联社
陕
招银
车位
工商行政管理局
分享
限度
精神
化肥
寻求
股东会
月份
张家界
瑞丰
注
=
性质
登记注册
之内
对于
本部
实缴
泸州
涪陵
中国长城资产管理公司
入股
保本
博
百利
博大
金融资产
电量
全
除外
正源
红旗
中拓
景峰
配件
广播
泰国
都江堰
新乡化纤
国务院
石河子
双鹤
分布式
五羊
海利
黄海
三祥
欣旺达
富临
丽鹏
钨业
嘉麟杰
林州
沃森
麦趣
演艺
永清
大维
宝硕
海正药业
星马
金枫
北矿
力帆
贵人
鸟
栋
保字
中非
外延
加
现为
工业用地
东海
对本
全国
分批
财务报表
三分之二
香江
装修
合称
竞争能力
第二期
总面积
经贸
华通
职工
海绵
占用
背景
十七次
石
荆州
广
按季
抓住
长期贷款
树脂
架构
示范
中天
十八次
平均
BOT
纺织机械
武汉市
强化
思达
文化产业
龙口
驱动
服
百
营业执照
精密机械
欧洲
投产
安进
总厂
大亚
EPC
经营风险
电子城
天风
广济
北京城
动力机械
AUTOMOTIVE
国芯
宏润
恒润
贵金属
智胜
亚美
圆锗业
平银
汽配
交运
宝利
深冷
初灵
万维
天翔
苏豪
乐凯胶片
世贸
丹东
专用车
绿庭
国能
中炬高新
美味
鲜
建机
北车
外部
人寿保险
前海
至今
综合利用
单方面
主管部门
财务状况
下发
变动
永利
来源
土地证
标段
满
青岛市
大新
云天
预付款
九方
龙华
维持
学院
网上
主营
年化
依照
D
胜利
监管部门
铁投
中外合资
坪
试验区
转让款
南宁市
新天
兴蓉
所欠
盛达
公用事业
浦东
至该
通宝
盛大
美达
中企
现场会议
索道
煤气化
名城
安兴
森
霞客
资
米
悦心
认证
宇商小贷
先锋
汇丰
华英
慈文
皮革
齐星
离岸
锦
神
糖酒
汽轮机
医保
光标
纳川
澳
神舟
海湾
城开
华纺
骏
天药
广誉
春兰
租赁期
成长
清
开工
相结合
需经
联营公司
续期
粤财
合作方
当日
四年
绵阳
南区
缴纳
汉口
第五
工业园区
协同
矿产
合营
深化
广安
街
恒大
战略性
冠华
柴油机
转贷
美菱
轻工
红太阳
安吉
冷冻机
环境工程
富海
科创
应当
信达
信息系统
办事处
十堰
生
银川
赵
漯河
融
广播电视
中星
沿海
燕京啤酒
盐化
机械制造
地质
联盟
医用
镁业
九洲
华锐
大禹
密封件
债权债务
飞
电视台
嘉凯城
远达
通产
金刚石
硅业
提用
海宁
东晶
飞马
塔牌
西仪
新型材料
大晟
英威腾
克拉
双箭
齐翔
杭锅
高创
利息支出
皖农
恒泰艾普
日科
佳泰基
心诺
迪森
兖州煤业
新湖
明诚
商赢
国栋
康富
医工
悦达
林洋
买方
储备
南海
启动
置出
规避
代建
浮动
管控
创造
思科
格兰
负
第六
证
开证
请
迅速
一直
明细
其为
枣庄
南阳
高盛
包
昇
森源
通州
格尔木
皖江
柒
协同效应
岷江
攀钢
合力
农资
新兴产业
引导
轻纺
药品
东北制药集团
人同
大兴
构筑物
全体成员
华北
绿德
曲江
Inc
汇金
京蓝
海门
回款
申报
国广
锗
创维
说明书
荆门
中国航天
科力
四方
诚志
汇邦
人工
布尔津县
建设期
沙钢
线
九派
恒邦
帝奥
神开
久立
同德
汉王
星网
辰
青龙
汉缆
印尼
鲁北
新赛浦
天泽
俞凌
军民
磷电向
泰安市
洪城
百货商店
LLC
利用效率
BVI
金矿
产业基地
住宅
引入
实质
配股
关停
中山市
未经
独立性
永隆
岳阳
服装
办公用房
一级
十六次
单价
银团
合同规定
电力公司
华南
表
中介机构
此前
欠款
银海
肆佰
绿化
公司股票
城东
商票
单独
底价
碱业
绿景
RMB
日向
财务结构
金世旗
金浦
越南
报价
筹划
昆明市
发放贷款
平湖
天力
氨纶
钢材
排水
华立
黄山市
科技开发
恒业
力特
投融资
承建
钨
东磁
阳光集团
南城
顺义区
证大
炼石
韶钢
预测
金石
西藏自治区
证监会
际华
石膏
武夷
农华
各种
交投
露露
五名
融和
人造板
南车
补助
授予
凯盛
色纺
合创
通科技
兖州
奥特
庆春
科陆
名郡
三特
矿
翼
三安
科大
宏基
赫美
制程
海普瑞
医药产业
万里
松芝
海洋工程
公元
日上
睿康
天赐
炬
港湾
酒泉
旗计
汉鼎宇佑
宜通
濠
百望
维业
东土
中飞
包钢
故此
北大荒
铜爱
海润拟
冠豪
士兰
九龙山
山港
西矿
万润
深国投
第十届
贝特
长沙市
金河
拆迁
供
万平方米
便于
又
特力
指导
销售收入
亿肆
价为
变为
七次
续
受益权
创源
所以
家园
制药厂
宽带
电动汽车
厂区
月租金
海岸
地矿
业务范围
金安
切实
统称
双环
晨鸣
五次
花都
试剂
第四十七
凤凰股份
传感
鲁能
赞成票
暂定为
工商局
刊载
福州市
物贸
报业
筹
不能
汽车空调
利博顺泰
模塑
河钢
安阳
&
华鲁
南昌市
锦溪
用作
京西
江淮
文科
外债
脱硫
豫能
欢瑞
撤消
平江
许昌
NUMmNUM
黑豹
天府
长宁
合谐
炊具
民用
黔源
Trim
盈兆丰
经非
富达
并拟
贷字
威华
元大
秀英
皖通
合约
标准厂房
驰
赣锋
天齐
金杯
鸿翔
惠华
唐人
好想你
森达
造船
海工
洲明
华灿
红宇
航新
雪榕
宇通
中汽
中轴
有研
殖
崇明
绿荷
山煤
烟花
申华
金顶
莫干山
东贝
不少
增长
大业
滚动
宗地
东北
补足
主板
逐笔
同属
○
股票代码
扩张
济宁
龙城
开
房产证
损失
长城公司
溢价
天顺
聚焦
楼层
中泛
储能
询价
指
应计
汇
轨道交通
功能
管网
信息网络
筹措
借入
铁建
本期
指标
钻石
大连市
药物
创元
荆州市
中关村科技园区
洲际
台州市
完整性
能源管理
详细
山田
较为
勘查
变化
长丰
杭
不会
浆
烟台市
联化
精矿
厦门信达
进程
板材
银行业务
黑芝麻
电网
用房
山焦
国海
内江
本钢
年底
万年
英洛华
金服
集
仪器仪表
油田
辉煌
发电设备
泰克
～
河
经开
一方
日盛
水稻
盈
油墨
登海
轴研
天鸿
管道工程
磁材
韩江
诸暨市
五金
不断扩大
拉链
东塑
北侧
罗平
泛华
电路
常熟市
二三
四五
鸿博
石油设备
日海
司南
普利
亚厦
钦州
必康
沪士
格
江苏舜天
流体
百洋
金通
华统
硅宝
振芯
洪阳冶化
松德
维尔
李莉
智汇
韩中
恒源
旺鑫
安科瑞
华扬
东杰
兖矿
哈高科
汇鸿
活性炭
安彩高科
铜陵市
兰太
塔城
双宝
重钢
海洋生物
佛奥
秋林
涟水
安防
置入
小区
Co
曾于
带来
医药工业
消费
后满
征得
质权
用款
流动性
故该
元器件
十九
原来
注销
以外
南沙
扬子江
兴盛
互惠互利
公司总部
浩搏
修订稿
转增
其向
商定
浦东发展银行
十二次
行政
城北
均系
扶持
粤电
秘书
商铺
一般
九次
江门市
古汉
大宗
日化
铜
真实
足额
其所持
施
富利腾
隆
郑州市
控制系统
INC
可控
莱芜
磁电
三农
四家
航发
记名投票
合成
旅行社
天音
阶段
追偿
财务总监
菲达
峨眉山
耐克
下达
体系
MNUM
南宁糖业
龙江
纬业
日升
西海
外汇
向阳
郭
布尔津
天康
电力设备
伊犁
创展
巨人
招股
锂电
电动
威利
经销
清算
美特斯
青松
仙
琚
运业
潜江
超纤
瑞盛
金发
洽洽
电瓷
自贡市
深蓝
雷鸣
劲胜
坚瑞沃
斯迈得
通光
中颖
三一
紫江企业
景太
首旅
维维
三浦
威特
首农
九有
翔业
一笔
华瑞
湾
模具
壹号
出现
新药
亳州
丰台
资金投入
伍拾
澳门
资金占用
东亚
郑康豪
东森
交行
速度
航道
经验
药房
偿债
工会
内蒙
振兴
非银行
能够
International
Pty
高效
阿胶
局面
寿光
越秀
第四十四
睿
康明斯
具体实施
触控
愿意
贵阳市
普惠
中诚信
钛白
影视文化
新纪元
海口市
产业结构
石化集团
双星
占该
财务顾问
顺发
沈
准确
高新科技
实
资产负债
仁和
国储
下列
天鹅
设
天域
松山
贵州省
葫芦岛
新华制药
汽车贸易
英国
出租人
无形资产
大锦
合加
环卫
困难
花城
天坛
顺德区
筹集
周期
公园
御
研磨
季华
中国科学院
慈善
风神
利用率
久
全程
遵循
锻造
赛轮
鸿图
大厂
宝鸟
惠程
川大
联络
追索权
湘鄂
贵安
铝材
政通
和济
天时
氧气
亮
汽车配件
奥拓
蓓翔
一心
影院
依米康
汉鼎
外运
万州
术
三胞
爱涛
内中
亿兆
安源
贵研
博立信
广贤
商社
天目山
大商股份
同泰
爱众
百隆
南威
振业
同创
两个
实物
扩产
就此
深能源
互利
颁布
七年
华禹
律师费
份
竣工
平米
长泰
通海
沪
融发
交付
星
海吉星
竞标
签字
班子
未能
审查
货运公司
象山
十三次
盛泽
做强
股东权益
永明
控制权
一号
人寿
回
投资收益
一体
适时
玉龙
相对
投资总额
餐饮
石灰石
发生额
渣打银行
核查
二层
铧
科立视
锂
运转
投票表决
宣传
瑞华
分摊
稀有
BNUM
特莱斯
信用社
汇添富
华鑫通
富阳
三环
邯郸
平等互利
联产
铅
现金支付
天兴
险
西安市
固
嘉华
瑞斯
第五十二
总体
制作
支出
同档
江油
列入
云铜
粮油
北京航天
外轮
金冠
夏利
华素
矿井
双鹭
粉体
新疆生产建设兵团
信通
加速
分众传媒
吴潮忠
焦点
台湾
中卓
银轮
南极
网络传媒
通电子
奥维
欧派
海大
精一
轮渡
仪器
日起算
铁塔
千方
海丰
广联达
恒佳
江海
嘉园
坡
华力
西陇
海水
融钰
意义
垃圾
发行期
钱瑛
通宇
鼎汉
宝德
伽信
小麦
瑞凌
振东
浩特
制药机械
带业
飞力
维旺
绿盟
浙江广厦
增信
维
晋
昌九
奥特斯
程伟东
黑牡丹
丰产
新梅
凯马
投控
全新
华工
兴华
工业区
蛇口
排放
评估价
资金运用
为本
一份
经销商
同等
结构调整
资金紧张
次级
寻找
诉讼费
BANK
承揽
或称
建筑设计
封装
薄膜
澳洲
GP
业主
专用
福永
辅助
后勤
纪
北京路
效应
淮北
分支机构
远期
荣事达
增值率
吉林市
部署
东阿
徐州市
朝阳
四次
临沂
两
转授
USDNUM
化工厂
还贷
西侧
广大
云南白药
福特
万向集团
公司财务
海德
战略目标
五九
上饶
以该
千万元
风华
百年
试验
永新
购物
培训
预估
出资方
鸿意
坤
配置
宝钢
美丰
横店集团
检验
高压
独资
暂
开关
硅
新岭
耀华
京山
胜特
钢制品
华特
双汇
天津开发区
丰城
城区
投资额
丰田
四川双马
探矿权
物理
航空港
奉贤
帝
云网
华帝
上下游
大洋
雪莱
叶片
化机
青浦
沃尔
泵
贤丰
清远
证通
天威
一道
奥欣
梅州市
温江
香港上海汇丰银行有限公司
恒泰
恒通
北讯
图新
达实
棕榈
众业
汾酒
协鑫
宝馨
旷达
海立田
中宝
露通
能源工业
安国
秦英
万盛
乾照
石嘴山
金宝
晨曦
六合
七弦
银票
周炜
尔康
汇冠新
视像
钢丝绳
格力
上海市浦东新区
罗顿
中昌大
榆树
丰华
南瑞
达孜县
凤竹
同达
博瑞
金自
天正
迪马
申能
干细胞
连战
华域
机车
五峰
派思
江宁
深圳市人民政府
德华
自贸区
天下
樟洋
丰达
上网
如果
档次
法定
建国
街坊
孵化
展示
八次
BT
传输
桂林市
迁安
三名
发生变化
山南
HK
数字电视
机制
铁矿
构建
水电站
无锡小天鹅股份有限公司
年经
减轻
大众交通
南京港
客运
发展前景
天通
公司债
工程局
门
九
饮料
医学
酒
注册地
即可
初始
兴建
公积金
特许
太湖
丽江
汉德邦
链
海马
遗留问题
制剂
面临
’
兼并
陇
海南省
建安
宝鼎
辽
蓝盾
芯
签订协议
东证
怀宁
东阳
零票
阿拉尔
蒙大
华泽
开采
山中
晶体
本溪
软件园
成果
临汾
三毛
方正集团
视
创新型
云铝泽鑫
区内
中银
有线
珍宝
鼎
拨付
提标
津
摩托车
净水
建峰
中通
文昌
汉
钨钼
广德
进
皇台
新疆维吾尔自治区
星光
专用汽车
委派代表
曲靖
德美
博雅
港诚
宏河
奇耐
张亦斌
应用化学
三钢
三变
长园
江城
海耀
虹口
高琦
盛通
新力
纸
华视
东数
泰和
刘辉
众生
青岛海尔
汉高
泰尔
传动
四创
金字
冷冻
飞拓
新界
天际
燃气轮机
金禾
华尔泰
青稞酒
信天翁
钱包
钢琴
捕捞
众信
宝湾
三五
国舰
葭
GQY
奇科威
三力
文川
大郡
新科
迪桂
卫宁
金立翔
嘉崎
百汇
烟农
特高
蓝思
驾驶
光科
散货
益民
捷克
开创
南郡
水果湖
长油
白天鹅
美尔雅
借固
锦泰
联投
昌海
桂冠
海正
桂东
家私
鼎鸿
九润源
德农
特精
新潮
金晶
方正科技
中毅
天目
昂展
口腔医院
晋能
申通
风范
声屏
凯瑞科信
博敏
回报
天然
拟就
合作意向
凯
国泰君安
竞得
总投资额
富奥
假日
风景
商业地产
Investment
Group
评审
公共
咨询服务
面向
补偿款
朝阳区
新源
公司债务
价
布吉
资源共享
机电设备
度内
养老
临安
北明
主债务
重汽
取消
项目管理
劳务
LED
应对
Holdings
已满
桥
元为
洗涤
参见
嘉成
三盛
八
凭证
韩国
浆纸
天誉
使用费
主席
发出
经济特区
澳大利亚
据此
荣
二十二
相当于
广弘
探索
万家乐
承诺函
纳
所述
交由
转为
测试
收费
次日
适当
防范
野鸭
用以
移交
二期工程
浙银
龙达
绵石
两份
焦作市
咸阳
联动
合金材料
剥离
中钨高新
郴州
华澳
复
实地
服务公司
流动
许可证
兰
理顺
亭
借
棉业
现向
左右
分包
中百
永信
核工业
阀门
包头市
东方红
续保
海纳
汇票
清河
粤桂
花园街
宝山
缆索
消除
发改委
联华
勘探
联想
停产
盘江
头
电容器
葡萄酒
石河子市
科研
杂交
七喜
针纺
上海交大
辽阳
黑猫
君合
锝
孚日
上半年
郑
靖西
通辽
新余
双塔
歌石
东力
达意
合冠
独
鱼跃
充足
数聚
博深
情
中利
海尔
完美
得利
智通
联信
大冶
北洋
鲁信
增塑剂
拉
卡拉
如东
誉衡
专项资金
本外币
授权人
新郑
比亚迪
豪迈
更大
钢业
猛狮
首
易日升
太证
瑞通
蒋
沅江
黄浦
瀛
正海
光线
钥世圈
闻泰
鹭路兴
宝色
诚益
星徽
纸产
兴龙
船舶工业
新川
易邦
浦兴
中进
鼎实
迪赛
亿晶
天威保变
华益
磴
槽
神奇
礼兴
天雁
运盛
国锂
日香溢
蒙电
亚泰
白云
更新
海淀
深业
瑞安
购买方
服务平台
东诚
福田区
征集
大丰
合营企业
存取
原则上
火电
开发进度
签署日
鸿业
太保
差旅费
小镇
郡
诚
洲
存单
补偿金
工作日内
提议
公寓
丘
工程款
达尔
NUMMNUM
要约
工银
修改
严格
迁安市
任务
扩建工程
涂山
二十次
三位
何
重型汽车
分期分批
华龙
保健品
十四次
七名
市场占有率
信用贷款
后期
全层
把握
服务业
牡丹江
交易方式
神华
园林绿化
保贴
卓兴
单抗
合资经营
生态园
定位
越秀区
乐园
自本
投向
固废
泰康
联达
共同开发
轻工业
扬州市
文景
受让人
轿车
做好
转换
防城港
称为
建瓯市
龙岩
冠名
康平
解放
库
新景
桐庐
三木
服务中心
决策权
财险
龙视
华康
推
简述
丰台区
惠涌
热
钴
嘉泰
甲
暂行办法
签发
现行
精诚
焦
药
原料药
订立
出发
园艺
依托
控
无缝
魔镜
方圆
安凯
制铁
惯性
财政部
互补
权人
广西壮族自治区
中利腾晖
宣化
科学研究
改变
原向
锡业
东方公司
运维
塑胶制品
宋
武威
凯丰
致远
阿里巴巴
诺鑫
选择权
华友
国微
朱
磁性材料
闵行
乳源
宜兴
复材
账期
重化工
华丽
电梯
核材
紫丁香
唐山荣盛
富士通
骨干
锂电池
证通佳明
一味
盱眙
双龙
泽泰
藏药
遇到
大生
食品饮料
新阳
富嘉
品
监督
华银
闰土
中海油
加冷松芝
欧菲
l
华油惠博普
步森
贝因美
亚夏
安居
生源
奇信
高斯
桂发祥
堆场
汉威
华晶
开封
淡化
恒锐
华伍
易世达
宝利丰
圣泰戈
万豪
百果
南钢
光韵
申宝
仟源
易事
荣科
杨云春
竹浆
城关区
个别
民航
兰花
乐凯
对内
官方网站
安彩
汤山
滨州市
金耀
赵磊
秦江
九川
金桔
莱
信用风险
吉视
金堆
城钼业
长亮
USA
本司
每月
最后
大力支持
一至
需对
注塑
证号
分立
终端
维修
木
晶
长期借款
Bank
挂牌价
卓远
商用
响应
优先级
深南
四层
第四十八
土地储备
借贷
作用
晋西
市场前景
验收
通力
绿城
形势
第五十
处
今年
电业
因该
藏格
开拓市场
产融
三号
申购
工作效率
威灵
稳定性
收回
石景山
钼
多种
利通
万嘉
宾馆
集中精力
车库
发电厂
谈判
递交
银基
共用
康园
北仑
建华
贵
金丰
渔
兰溪
垫付
JNUM
当时
土建
化解
汉中
净
批文
身份
彻底解决
西区
前进
三层
上饶市
兴科
效果
金源
欣
竞购
运河
信银
会上
签约
比特
之子
所得
天宸
宽限期
宇特顺
顺
江湾
熟料
塔里木
国家有关
为限
东升
宝丽
自行
组合
贯彻落实
湘
因为
全柴
双瑞
特色
职业
斯太尔
圣泰
十一次
自筹
售电
铁岭
简
宜昌市
再生资源
游戏
银仪
中材
关
互为
金属制品
荣耀
检修
石湖
国内贸易
数源科技
抗
科贸
独家
商丘
华西村
宜都
出售方
毛纺
纬达
银泰盛达
盛蔚
中弘卓业
知识产权
华威
健隆
锁定
科华
表面
程钢
农机
万象
秘鲁
天源
勘察
增
华兴
前后
众力
康强
金租
齐重
单晶硅
安保
北镇
通富
万美金
正邦
芭田
古北
江特
新翼
定为
金塔
傅利泉
广元
温江区
陈发树
星星
保龄
北城
巨力
穆棱
长运
雷
气动
东昌
华拓
建平
常州市
宇
高周波
兴源
阳新
嘉善
龙大
奶牛
眼科医院
瑞森思
瑞普
正能
华福
常
客家
易华录
飞鸿
美晨
湘利来
国瓷
康立泰
朗玛
凯风
光一
天方
静安区
神思
实达
小康
锦州港
建发
蒙维
同仁堂
普尼
兴瑞
中能
牧工商
紫江
团泊
冠农
朔北
汽贸
久盈
平定
肖特
昊融
西豫
吉美乐
丽园路
度下
崇明县
天泺
灵山
盛华
元翔
刘才明
步长
适度
古
中国北方工业公司
南山区
连同
昆山市
自行车
第一批
‰
节省
票面
收费权
自由
提示
贯彻
德展
稳步
热电厂
Holding
卖方
五层
智能化
观澜
第五十六
聚能
工业化
食堂
实行
充实
六年
盘锦
铅锌矿
二十六
提示性
玉溪市
城乡
发来
转化
日内
特点
停牌
余热
现拟
单方
希斯
由原
事业部
系列产品
座
二十八次
六次
审慎
所有者
华印
吉
协调
一宗
看好
控制力
生产能力
新城区
免息
温泉
邵阳
达成协议
大桥
试点
分配
开源
基数
三亚
德阳市
碳
交科
事业
恒运
白药
搭建
遵义
互助金
圆
中农
延续
十堰市
逾
门店
店
关键
绝对
甘蔗
务
整层
日报
Pte
饮食
通讯设备
近年来
东安
通润
中信证券
并表
索芙特
朝阳门
生效日
中昂
缴付
巴彦淖尔
宝丽华
银行存款
定期
测算
科教
销售业务
金水
优惠价格
有机
鲁群
实施细则
多年
短缺
运城
不含税
附件
发信
毛纺织
北大方正集团
瑞金
镁
电影
水木
车
抚顺
多层
华丰
湖中
沣
钻头
公正
天铁
西昌
海天
登记日
湘江
频道
大庆
国有企业
惠普
生物质能
采矿权
中威
上风
蓝焰
中基
切片
济南市
系中弘
普陀区
华海
航电
气
不含
余
江安
一位
数控机床
阜阳
通用机械
得润
徐闻县
聚氨酯
新桥
景兴
国轩
阜宁
盈科
民和
北鸥
宇华
李建华
家用
特种车
理工
存货
康定
限售
领先
四名
聚胜万合
人向
中投
金融电子
通飞
吕晓义
铜材
电动车
延
航海
融捷
棚户区
双辽
农金圈
虹波
李达森
杭政储出
雨虹
商业广场
男
寰
三泰
普
乐通
新朋
王玫
商旅
保留
酷人
神通
天立
汽车部件
全权代表
欧木
鸿路
杰赛
科思
陈玉忠
国纪
奥马
越王
广垦
南江
合康
小写
鼎龙
方略
隆福
海油
赛石
华辰
园林建筑
草业
中船
哈尔滨市
金新
鼎欣
薯业
奥园
齿轮箱
紫泉
凌钢
高纯
亿德盛源
酒钢
文学
鼎兴
南通江山农药化工股份有限公司
乐山市
福斯
湘电长
昆药
风帆
钱江四桥
凌志
云汉
用友
极地
飞虹
水井坊
兰生
长峰
哈投
火炬
港源
银龙
万东
姓名
负责人
联营企业
导电
以前年度
华侨城集团
林森
深能
中融
鹤壁
华林
鹏利
桑菲
事件
必要
燃煤
迅达
宝鹏
叁佰
居住区
承租方
扩充
〇
办
月底
入伙
中兴通讯
合作伙伴
铝合金
变电站
工期
职能
商号
隧道
名义
专有
零
星空
恒新
姚
鲁地
期末
两台
疫苗
议
卫生
一架
租入
原值
难以
国际金融
工程设计
GNUM
赛迪
数为
田
币种
备注
花旗银行
五家
现该
宏源证券
持续性
思路
富士
按规定
两位
存放
福特汽车公司
报废
减排
委派
调度
应急
数据中心
祥源
基石
宏远
哈工
鼓楼区
设定
法定程序
新资
海螺集团
不需
天茂
福公司
实华
不同
光子
促使
海虹
CG
百瑞
融汇
开曼
苏天化
惠盛
阁
智云
汾西
鲁诚
通商
修合
普洛
部
流贷
扎布
耶
青山湖
思源
蓝科
金海
金枪鱼
宏帆
地面
美亚
策划
银承
模块
陆佰
绿源
五年期
法律责任
有线电视
亿千瓦时
报名
华安
便捷
立足
矿产品
江投
将要
大康
状态
支撑
创建
玻纤
发电机组
投保
科苑
E
卢森堡
明
黄冈
中间价
易购
赛业
法兰克福
安纳达
NUMMWp
浙铁
中国建材
东源
广博
中证
新山鹰
山鹰
互兴
宏泰
商业贷款
中国海
朱斌
超薄
线缆
南泉
高普
衢州
菲尔特
代理人
铝箔
电材
大会
玛纳斯
万鸿
服装集团
减持
定边
萍乡市
徐
坐落于
顺昌
北化
热能
莱士
福尔
雅视
泛悦
投拓
君重
金投
康大
苗木
灵图
嘉事堂
向海
金固
重于
科林
超日
火腿
NUMt
飞腾
健
南汇
天佑
普邦
首航
力信
刘梦龙
洞庭
慧眼
启天
同信
新一代
星辉
漫道
嘉熠
配套工程
戴
润唐
华策
莎车
博达瑞恒
西油
潜能
天喻
佳讯
东侧
谱
三诺
赛诺
泰格
安硕
伊之密
美康
聚隆
广林
油运
田园
牧歌
敦煌
孔雀
人保
ZBNUM
真实性
准确性
德山
贝岭
上交所
生益
浦东新区
吉森
浙江医药
建纺
为鑫晟
颐和
国际航空
德宏
华宏
仰帆
金证
力元
扬农
东润
国睿
惠泉
忻孚
信产
TFIL
东百
晋正
博威
中钰
长涛
凯宁
佳贯
定义
精品
论证
计量
电子设备
临时性
吉利
盐田港
两宗
量
先后
英文名
壹佰
半岛
税费
南部
因在
联永
确认书
TFT
同心
印度
德黑兰
巨潮网
围网
液晶
注册商标
有序
市政工程
激励
涟
物流配送
英塔
大量
金隅
景德镇市
珠宝首饰
二号
购机
付息
巴西
中技
肆仟伍
院内
商业中心
共有
曲阜
推荐
一套
由非
内有
借调
邀请
实到
扩能
六名
清控
百慕大
映管
对华
顺义
帮助
块
中宇
商谈
改扩建
工厂
第五十三
今后
增效
新东方
供水
联赛
旅游区
第九
汉堡
停车场
率
国华人寿
雅安
期货经纪
大楼
义乌
管理权
云药
改为
协会
亿达
创世
广视
远盛
亚特
海坤
按时
太
权属
偿付
中标人
泰德
子公
矿产资源
沐
容县
宝钢集团
利息收入
富源
核电
菲特
中住
双远
嘉润
中盐
占有
包销
横店
协助
东大
土建工程
服务项目
耶锂
矿区
磷酸
临床
透支
立华享
产品开发
华胜
江动
合农
方泰
流通
贵糖
安盟
固利
天宇
高岭
三楼
慧农
外资
油脂
建金成
泉州市
爱建
市场份额
监控
天一
签订合同
都市
监测
二十四
铁矿石
相
弥补
林芝
挖掘
禁止
安华
年拟
无纺
良村
供给
大渡河
打包
华山
提效
鄂州
农银
夫妻关系
超出
武乡
三九医药
组件
衍生
彩纤
电器厂
标价
卖场
潘叶江
潘垣枝
万连
机顶盒
日到
mNUM
云南旅游
水利水电
命名
电费
三大
宏宝
淮钢
瀚瑞
先
启航
万丰
新野
编制
国内外
一路
莱宝
报警
鄞州
热交换器
大农
王相荣
微创
百度
印纪
但保
柴埠溪
毕泰卡
蜀
宏
华悦
康县
滨绿
龙光电
测量
企发
防水
因而
延展
领航
富民
星期六
鼎然
赤晓
环岛
燊
杰瑞
民智
桐乡
华宝
届
嘉欣
气体
办公大楼
骅威
法兰
海淀园
电磁线
新港
通工
杨浦
李水荣
永庆
达华
森马
恒牛
妇幼保健
瑞康
增持
东至
龙生
互助
克拉玛依
金泰
污泥
邵
汇付
肉食品
海门市
日产
雄韬
仁恒
探路者
黎东荣
爱尔
网宿
乙级
吉峰
阳普
益
鑫联
中创
上丰
五秒
煜
品众
分散染料
芦溪县
上扬
调味
瑞克
配天
椒业
天舟
德居安
苏美
载波
中国海洋石油总公司
银禧
讯通
朗游
淳元
北信源
索瑞
东邦
胶管
康跃
海顺
药用
济钢
船队
艘
城际
涌富
明州
振龙
伊力特
水泥厂
农科
合山
青海华鼎
富铭
飞尚
阿特拉斯
醋业
海景
宏金
宁武
江铜
坛
型钢
东辛
铂业
甬江
彝良
龙子
慧球
万好
瀛程
磡
马戏团
博元
客观
福来
云维
大为
银兴
喜兆
快威
杏熙
伊利
广日
贡井
百应
鈊
鼎策
盐都
靖江
永艺
福斯特
金色
南湖
出租汽车
财务预算
宿舍
亿陆仟
体现
V
文投
亨
满洲里
证券化
互惠
涉
〃
中心区
NUMB
主楼
石材
保安
华城
设置
两期
硚口
同步
弘毅
另一方
动力电池
装
富门
城郊
赛
长海
Technology
牵头
发现
住宿
预
新创
建议
网通
市场化
纺织城
顺利完成
天瑞
秦岭
四十
长征
三十六个
贝拉
采选
单位名称
于巨潮
联讯
四号
草案
祥鹏
九号
比照
洗衣
保值
东林
公共交通
哈密
之星
曹
制订
柒佰
立信
LNG
德阳
标
小计
小企业
红箭
贷款额
半数
玉
主要用途
甲乙双方
郭金东
富强
组装
末
靖煤
现代农业
后经
大源
层及
蟒
参会
胶囊
获悉
丰汇
五四路
十六
东药集团
沛县
供暖
齿轮
信托投资
花山
潮州
新股
选矿厂
估算
油
飞旋
延边
连
用信
利源
花苑
汇隆
方源
共青城
波动
更加
东方电子
二热
专家
镍
会计准则
本人
锦龙
王爱
代发
祥云
巢湖
思创
利民
国元
漳龙
德邦
肥业
中色锌业
北营
采矿
晋商
泰华
NUMT
县
概算
杭州湾
聚合
涌鑫
云铝沥鑫
东原
出质
担
清源
绿能
下表
研制
各笔
第五十四
资本运作
突出
学院路
传真
佳晶
果蔬
科工贸
中广核
国有产权
宁国
修订版
买断
广汽
中服
装卸
应付款
积极响应
丁桥
劣后级
宁
摩托
麦芽
果汁
业经
新乡市
交割日
正信
片
三水
广新
慈溪
徐汇区
制
酒类
厚丰
出借
林建
公益
三宗
锐拓
按揭
君
缩短
精机
浦发
美年
SYSTEM
克
实益
财政厅
争取
财政局
致诚
固体
乳源瑶族自治县
交大
大钟寺
面料
大宇
中东
亚运村
同比
齐齐哈尔
定制
海竞
马玲芝
康缘
保险经纪
化工机械
文本
代付
更正
日益
闽光
三门县
罗平县
整体效益
优
项目名称
无线电
一楼
常铝
特种玻璃
锆业
动画
延华
华大
吉星
战略部署
二届
鹏飞
金飞达
食品科技
商控
硝化棉
帝龙
民士
超额
趵朴
许晓明
华侨
湖州市
南侧
产控
中电科
交易规则
荣昌
泰洋
联发
双象
集装箱运输
百灵
智航
药店
飞利浦
芒果
二六
杏花村
绍兴市
家族
预先
西子
零壹
澳海
三川
尚荣
肉制品
普乐
卢湾
蓝宝石
放大
信质
蓄电池
柳州市
顾地
博实
容汇
雷曼
分散
索菱
既定
宁通
顾庆伟
孵化器
杰姆斯
金坛
免收
泗洪
闸北
新好
公关
座落
永达
康芝
液态
每季
天映
科泰
永川
会展
中视
精彩
海晟
亿动
钢银
中际
兴县
信园
抗旱
棠棣
东望
复旦
承办
运达
芯源
美尚
农尚
吴亮
欧普
燃油
青云
沟
银联
奇
诺尔
磷业
附着物
诺德
湘粮
艺术
指点
预防
公平合理
瀚叶
劣后
登载
金黄
羚锐
收储
平高电气
汇理
宁兴
歌斐
电子系统
广东明珠
鑫辉
吉恩
凯旋
昝圣达
豫光金
城云
隆鑫
凯峰
药事
松辽
思维
鲁抗
三精
新集
二重
产险
全筑
聚缘
引力
阳晨
漕河泾
金域
信贷资金
B座
围绕
制定
电表
请求
一个月
鑫城
深圳经济特区
万良
含其
油品
金寨
锦城
海阳
楼宇
财司
C座
分期付款
第一笔
使用证
蓝
LCD
商务中心
大众
Corporation
谷堆
以此
视频
埃塞俄比亚
七
日及
老挝
线路
整个
Great
包机
T
山路
三十二
长葛
加西
肖
徐楼
专利
旭飞
季度
Avolon
必需
折
金江
潇湘
金方
结清
景区
亿叁
招
丽港
丽珠集团
信给
承诺书
CYNVENIO
海曙
顺通
中同华
申万
百花
DNUM
科邦
转入
大冷
机
新世界
此外
沙湾
铧盈
项目前期
房开
最低
以非
资源化
整车
自动车
平
畅通
集成系统
万航
而且
长岭
估值
得出
宝商
油漆
涂料
大力
中医药
已获
银信
方便
太极集团
店面
下午
自来水
长生
光华
南翔
居住
事先
香河
圆通
张家口
口腔
适用
交易商
以前
球团
刀具
天夏
化妆品
纺机
洪山
绿建
晋江
百兴阳
安庆
公司业绩
市场竞争
棉浆
阿克苏
山重
开标
评标
南四环
必须
饰件
湖里
保险业务
石英
永
审阅
裕
允许
盐
昌吉
利润分配
浩鹏
择机
‘
海得
库尔勒
锦纶
丰电
耗材
泰合
原煤
前路
海化
辅料
性能
瑞成
汇达
价格调整
耐磨
海棠
峰
石门
和顺
顺鑫佳宇
澳杰
电价
凯亚
陶
吉电
私人
胜新日
线材
东凌
分成
赣能
丰源
东津
天工
第四十九
损益
抚州市
洋浦
九禾
淡季
卡通
任何一方
星城
多多
环
烟气
超低
首钢总公司
锡业股份
集聚
诉讼
按计划
钢研
泰盛
鲁家峙
金贸
义城
集中管理
权暨
葡萄酒业
快速增长
安通
威宁
安康
高云峰
认股
临安市
芯片
SEB
厨卫
模组
金星
评定
铁道
Helbako
区分
黄学良
专户
顺应
支线
中炜
绵阳市
办公会
新光
霞山
金太阳
渔业
港汇
玻璃纤维
中盛
鲁阳
房屋买卖
姐弟
富丽
甲醇
天恒
德化
尺寸
三门
紫鑫
变频
漫酷
鼎宇
华欧
惊天
智控
过滤
淘宝
永嘉县
瓯
改建
非经营性
山下
国土
怡飞
甘井子
合川
西湖路
高档
庄吉
风光
次数
濮阳
华乐
施仁海
丽星
提
林产
杜
恩华
华评
诺雷西仪
美邦
水榭
欧阳
光迅
藏龙
明星
张伟
凯文
特材
洪涛
奥普
光机所
廖创宾
企管
领
信誉
解决方案
劲鹏
润丰
丰沃
霸州市
微晶
斯通
英文名称
多氟多
思远
雷科
尤夫
潮州市
ABB
巨星
决策机构
宝泉岭
海格
网络通信
华斯
刘肇怀
揭东
复榆
司米
圣阳
枣业
霍尔果斯
龙蟒
德清
辉
金达威
雪迪龙
长鹰
睢宁
森林
昆吾
机票代理
路通
维克
延伸段
东沣
益忱
来电
网讯
超图
新宙邦
天源迪科
中青宝
创新能力
澄
萍乡
创世纪
海默
科新
乐视致
赛尔
雄达
天融
汤臣
艾普为
浦
迪威
柏科
凌玉章
海伦
哲
咨询中心
广昌
东宝
巴安
天科
亿信
平仓
财通
周庄
凯利
成型机
新奥
太空
板业
呼伦贝尔
翎
Kunlun
宏亮
银行卡
合纵
景
招标人
武汉理工
中国国际贸易中心
登封
船用
下属单位
川东
嘉士伯
每艘
条山
弘苏
六家
福维
瑞茂通
佳通
天达
前滩
乾元浩
卓朗
赤天化
万华
纸业公司
亿康
鹰潭
二连浩特
黔
当
玻硅矿
通高
海菱
津康
空调器
统众
国贸系
按年
旭城
药瑞达
精锐
恩瑞特
嘉宝
复华
医生
消
上海交通大学
海尔集团
中居
亚贤
综字
新太科技
先一
新华书店
沈焦
海骏
汉商
周年
犇
交易市场
月止
九百
合能
京航安
文登
宏盛
CX
葛红林
罗建川
汝阳
龙宇
骏亚
平安保险
朗
街区
深投
二十个
高校
神铁
牵引
通联
八达
宝华
过渡期
遗留
时代广场
不确定性
减至
攀
云科
具体安排
工程造价
库存
A座
肆亿伍
文旅
十家
电讯
CHINA
ASIA
中航技
由该
精装修
亿柒仟
渡
三江
卢
NUMD
主持
多家
唐若民
书面通知
需求量
实体
二十九
批发市场
合适
十三
商务区
所示
新工
三局
建设局
深圳华侨城
报关
交易额
加上
房产公司
川化
南门
钾肥
申请人
三十四
所在地
业态
归
承
小天鹅
国企改革
现经
充电
二十七
‐
王民
李锁云
陆川
组团
河西
益阳
南非
武商
出租方
牡丹江市
南午
北安
可口可乐公司
前山
委托合同
高栏
烯碳
租房
夏
鄞州区
角度
宏源
向东
大角山
紫学
休闲
I
四次会议
徐闻
银企合作
佑
昌
城西
两项
创元科技
各矿
星展
优先权
萧山区
面值
化医
烽康
煤炭资源
中港
输送
海域
慈航
商议
按原
嘉实
农发行
古井
蓝星
赞助
龙山
韶能
滨海新区
易桥
外滩
中北能
应收款
多渠道
长客
需为
开发权
暂时
电控
疏勒
展昊
西城
缴足
O
修复
宏辉
康桥
泰来
福兴
加银
沿江
下游
抵抗
CNCFCNUMHXNUM
影响力
尚有
所涉
谨慎
至本
百合
审字
诚实信用
百万元
唐钢
舞阳
一致意见
德州
如期
北控
中国石油化工集团公司
氟
人士
杨雨松
中房
叁仟伍
卡
经理层
资信
合规
节
地方
室外工程
鑫诚
刚果
武进
爱民
西飞
平价
走
同盛
世嘉
迪康
田永
冰轮
汕华
象湖
环境设备
临清
广业
长飞
中国东方资产管理公司
市政建设
中国石化集团
五粮液
自用
宁夏回族自治区
其他费用
使用者
首望
我们
金沙
中兆
拆入
景观
津滨
受理
财
放
免除
市郊
交通运输
海信集团
阿城
国控
三桥
中控
德隆
成品
财政
民权
薪源
有偿
能源建设
宏利
将来
管廊
龙湖
军工
芭蕉
汉新
关闭
京钢
结售汇
对原
华铁
徐汇
中绒
煤焦
诚志通
闽箭
出于
LP
通机
储配
前身
省级
直至
张建群
山汇
物业费
综上
上述情况
苏泊尔
美欣达
宜科
北源
熔
维斯
周晓峰
智轩
付清
袁明
契据
纳源
木垒
河流
北江
一带
耐火
美国公司
阿穆尔
者
经发
硅能
北玻
国之
一站
悠可
南岭
冠界
冠杰
三林
国际商贸
沃华
万融
除权
信力筑
天邦
振湘
结合实际
周和平
信宇
石基
前锋
第七
三灶
瑞福莱
天桥
瑞达
现需
御银
轻
控制器
正城
如皋市
万澳元
哈
华翰
濮
耐高温
合信
昊天
庄
盈华
王填
刘亚萍
美士
五一
铜川
俄罗斯
王伟
Global
中欧
嘉佳
多屏
飞天
巴南
现对
雅致
木材
中药饮片
御嘉
变频器
经费
联泰
天神
浩宁达
分红
制盖
徐建刚
约基
达科
投建
整数
盛远
高温
苏联
集运
吸引
花卉
综合体
酷爱
国鑫
租
建德
制氧机
兴森
星云
富贵花
洽谈
伯高
纳百园
天禾
昌北
r
富春
起重
金腾兴
搜于
汽车模具
卡友
起重机
凯瑞
分厂
接
莒南
朗姿
炉
海淘车
陆陆
鼎慧
荣之联
德峰
陶氏
东易
家居装饰
遥启
葵花
天圣
一拉得
中清龙图
安讯
远利
实景
易简
前海鹏德
控制工程
征信
冯毅
河口
南都华宇
世纪坛
望京
安哥拉
民族
防火
陕鼓
思
一零一
沃特玛
保鑫
大策
色素
量子
捷泰
硕辉
土地交易
网购
温氏
亚商
远江
重盈
工元
长隆
迪奥
虹港
猫眼
雅本
巴安金
医学影像
华昌达
天泽软控
恒峰
杰东
蓝英
特佳
励丰
为汉鼎
慈星
巴尔
鲁克
伟龙能
马科
亲
青鸟
海枫
博日
宝得
鼎丰
吕建明
张曙华
旭辉
生态景观
新易盛
兴齐
武钢
东风汽车公司
宣武门
东金
皖维
宏业
遂
宣威市
宁化
中汽成配
海洋资源
锡州
直属
佩尔
暂缓
红奇
长影
航天技术
天惠
内销
蓉生
霍尔茨
门业
粮仓
星融
北环
合同法
抚州
纸品
茸
华时
埃及
商业城
地神
瀚
固国用
人王
英利
专项基金
富银
西华路
荣庆
宣城市
江汽
滨印
单银木
信成
昂立
太行
钼业
天威集团
云赢
风旗
后谐
天施康
粉煤灰
福陆
运发
集中度
汇志
卫安
强生
浦项
中侨
黄金饰品
通通
通江
大江
首商
重庆百货大楼股份有限公司
天仙
蓝润
金港
磁卡
博士
成商
万极
胜源
嘉陵
商泰
客轮
活塞
皖北
伯藜
新有斐
第一拖拉机
天然橡胶
恒立
王文召
农保
南村
重庆力帆
光证
新鑫
诺顿
金田
坤宇
益信
依顿
新智
认知
富川
蓝湾
担保金
丽
港众
通道
第十一届
华商
景田
股改
深宝
植物
暂用
城中
属下
长城电脑
升值
中电
手机
海星
瑞嘉
ING
水贝
租赁经营
王岩
详情
磋商
正德
权利义务
违约责任
建银
既
南大街
三级
宜久
评估费
仲裁费
联顺
保全费
拆除
准备
验资
丰盛
核心区
X
房地
一条
器件
硬件
辽河
盘龙
海鲜
物流园
芜湖市
华强
机车车辆
Ⅱ
竞争性
技术人员
总体规划
候机楼
用电
管理机构
中信集团
直升机
尚待
当年
恢复
合作社
半
保全
积极探索
拟出
让
袁
剑锋
转账
德胜
电解铝
压缩
账日
信泰
七层
药材
空客
架飞机
计收
调研
兴泰
市政府
负担
栖霞区
同等条件
兴铭
低迷
永州
金矿业
管理费用
麦田
什邡市
北川
上年
一方面
另一方面
控制能力
新西兰
会展中心
康先生
自备
余杭
白云山
十八
南一农
多方面
二十五次
松下
冯冠平
谢伟
威信
石维国
五十铃
月末
低
专用车辆
砂轮
凌翔
酿酒
一并
归属
机房
筹备
尚欠
一铭
徳
储存
陈阳友
德力西
原已
十
十四
二十三
南平
罗江
全力
接收
知名度
篮球
中民投
其于
环境治理
星泰
Reco
三板
金环
现由
钢管厂
嘉业
度假区
顾问费
奥莱
雅园
齐
大山
锦华
石龙
权责
云医
云健
区域开发
做大
颜
硬质合金
DVB
OTT
华明
康田
康嘉
信托公司
蛟
梨花
挂
盼
铭
杨浦区
金鑫泰
利碧辉泽
合成氨
调试
深入
梅州
将视
中资
塑化
黄酒
元月
随
增值税
银行信用
补偿费
胡
团结
孙家
饭庄
书
有意
玉林
中城
解散
滨湖
举办
研院
时止
太化
内江市
紫荆
伦敦
新丰
常青藤
恒义
平能
二钠
北医
华神
福润
开关设备
只
动物
氧化铝
云铝
丁
滇
材料厂
以东
盐城市
金正
山东海化集团
荆门市
一弘
东吴
安全性
以南
市场价
棠
厘定
调配
热加工
虹桥
如遇
白山
浑江
能交
静静
铸锻
核技术
顺达
长江三峡
摩山
互利互惠
泰瑞
汇丽
提出申请
平江县
皆
恒安
提质
混合
华祺
电广传媒
广电集团
并报
亚事
交易系统
乘用车
大麦
万立方米
发改
订单
一村
昱
章村矿
石家庄市
精煤
色
和解
河水
平衡
完工
五家渠
粤科
固化
首一
企业形象
绒业
起到
永生
识别
九华
梦
第三代
产品线
北药
购入
可为
华邦颖泰
港元
会稽山
绍兴酒
凯特
越兴
ERP
数禾
弘瑞
堆龙德庆
捷销
勤安
海安
创富
理盛
雅戈尔集团
兔
宝宝
数据服务
楼房
陆平
GMBH
峰梅
国土资源
祝昌华
交货
马龙
沃
存储
共创
红军
江新
勘院
流域
岳阳市
每次
仁通
朱在
方信
鲟鱼
落地
季
司法
富顺
天雪
永悦
奥威
新纳晶
恒升
三联
金能
肉类
纳米
高炉
请示
恒隆
四家子
①
天台
发包人
NUMCFZ
加速器
锡泵
万圣
谢保军
巩义市
技术咨询
调剂
番禺区
膜材
天弘
向荣盛
所募
仓
金纱
卡米
贵航
再生
兴证
前海宇
商保理
怡亚
通永润
夫妇
利达
附加
兴启源
崇州
瓦房店
秦翔
欧
华智
清远市
海滨
血浆
四川大学
格瑞卫康
嘉兴市
嘟嘟
达州
陈文
榆林
富春江
华服
水晶
金可
阿里
明匠
远发
罗莱
信号
博云新
P
菁英
威创
批发
啦
禽业
江天
索具
国圣
盛开
高赫
无息贷款
纯
配电柜
影研
大冶市
园林工程
宏瑞
农信
安陆市
桐乡市
雅克
瑞联
君尚
经开区
九安
爱多
港闸
广泛
青铜峡市
融资额
Asia
澳元
催化
招远市
张恩荣
＝
东诚瑞业
牧场
洁柔
视为
恺
垃圾焚烧
之主
网联
云图
用户
维生素
钱润琦
铝塑板
德力
日用玻璃
意德丽塔
水晶玻璃
橱柜
日月
清州
石西
八菱
回笼资金
概要
智杰
启东市
瑞旭
蒙
AG
保定市
居委会
适新
彩易
梅花
民盛
控股权
环宇
德联向
表示
钦国
携程
营
李漫铁
韩钢
红云
易尚
青
奕
麻花
弘亚
英升
灿星
SCI
位非
存贷
龙邦
干将
金之路
张敏
天天
南都伟峰
创智
天竺
向日葵
新新
阳谷
锦富
提货
PTY
启源
艾能
大动保
工业炉
新赛
秀强
玻璃工艺
黄浦江
朗源
易行
海杰
智诚
橡塑
星商
津美
一新
尼普洛
康铭盛
曼拓
海岛
舰
计通
力拓
德之宝
瑞迪
永贵
邓亲华
中德
恒华
景泰
科信
应城
涡阳
飞凯
塔赫
低压
新元
减速器
新闻
代收
光租
保康
东直门
叙永
赛科
鑫元
食肉
东霖
齐泰
东福
山丹县
准则
睦
天绘
陆交
西沙
会议展览
红杉
廊坊市
澄西
起止日期
蓉
建一
易通
泾渭
招拍
溯森
报达
鼎盛
天航
华业
捷康
湘东
嘉化
制衣
人祝义材
地华
泗阳
蓝星安迪苏
正阳
黄泛区
乐天
置成
太库
颐尚
韵升
拾伍
龙净环保
红豆集团
华君
长天
冠龙
耐力
上信
ZQ
大屯
士力
邕州
西门子公司
PLC
集成商
数米
南疆
大都市
香坊
馨丰
太平洋集团
鸿润
云集
SECURECORP
CMFCircus
久事
年会
新百
礼东
捷星
中吉
龙创
WeHotel
对抗
力源
精业
辅仁
昆钢
昆机
珊
永金
华存
畅捷
王府井
玺鼎泰
广生
数讯
绿舟
WDNUMF
滑行道
陕煤
色连
乐叶
一重
北银
文博
兰石
神渭
尺
龙钼业
灵康
丹红
艾博
由本司
咸宁
康佳集团
滁州市
优惠
商住
管理系统
部件
中开
源丰
N
邮轮
汪名川
钟思均
国泰君安证券股份有限公司
进场
弹簧
成钢
China
光耀
先行
早日
标的物
深中
利息费用
田贝
车公庙
东旭康图
肆亿
Company
待定
诚实
公告费
复息
总工期
周边
室内
造价
两方
管理效率
东风公司
董家
原为
〖
〗
复合
蓝微
朱军
马来西亚
皇岗
第六层
小额
拥军
瑞泽
东门
展销
原油
外汇牌价
换算
雅
长春市
大幅
后者
伊朗
大河
以北
职责
城内
第二条
东航
年限
L
汤
何宏满
商业区
吴江市
根
第十章
科龙电器
采购额
公司员工
纽约
五号
架
合同期
租约
因受
奇峰
工商管理
中北小贷
煤气
符合条件
储源
未向
持有人
自编
续展
张家界市
连接线
候选人
一部分
可行性研究
岚山
新宇
审批同意
度假
所在
自起息
博纳
海港
PTA
拱北
按所持
开票
突破
限制
龙泉驿区
石灰
海城
茶园
第六十二
..
水工
日用品
鲲鹏
东酒
流花路
良性
自由贸易
春华
议事规则
银润
MAYTAG
IV
冰箱
菱重
助力
嵇世山
华冠
净化
丰盈
前景
英大
可用
工程进度
文广
基建工程
金圆新材
卡车
公司总裁
第二项
青年
文晖
大力发展
昆
公示
亚德
农业装备
现在
人及
马山
制安
北海市
一台
科服
多个
绿
宜春
六楼
丸
金土地
中民
宁达
华朗
Shine
LNUM
三井
PTE
思味
浓
张成
以后
新天地
广阔
建军
商管
儿童乐园
绿叶
偿还债务
陈贵
樟
统借
风机
鼓风机
而言
不良资产
整理
贝齿
AR
定期存款
广西省
中富
天吻
娇颜
意向性
证券期货
亚超
起息
荣控
原始
信隆
林腾
成交价
汇添
旅游业
金谷
广信
人力资源
卫东
浆粕
遵照
铁西
视觉
梁润彪
丁喜梅
尿素
兴安
a
短纤维
荷
树园
否决
太白山
辞职
回复
另加
牌楼
三十八
汇林
环城
兴银豫授
光缆
地处
鲁丰织染
丰收
电子产品
华日
深宁
证书
无担保
国际化
阆中
宁德市
宁德
新云
联利
潭
分区
北部
中梁顺
盐业
豪信
聚赢
第二批
哈铜
永辉
储量
趋势
注资
海得威
流程
成熟
公高
洪
梦幻
东明
控制关系
磁业
永华
酒鬼
市场需求
现成
炎黄
治疗
奠定
文山州
何伟
在此期间
购电
中间
亚能
金峰
抵债
﹝
﹞
华仁
致力于
兴长
利润总额
焊管
流动资产
池
夏家湾
新远
鼎新
章
黄绍文
中芯铭弈
日历
秦川
鸿联
九五
第五十八
稿
两名
机械厂
金菱
国通
木塑
丰
脱硝
收购方
戴茂方
葛
系在
交
出去
审定
综超
兴联
上级
飞龙
胜泓
大豆
CO
钢板
铁
只能
强强联合
连续性
东渡
协
纸浆
丁方
捷美
意大利
华建
经评标
报社
切分
中钢
其原
财政性
NUMANUM
鹏泰
从根本上
法国
重整
旭阳
发票
长投
锡材
云锡
岗
锦庭
西材院
天材
汉川
一发
文件精神
组
金融资本
师
中弘弘毅
普陀
动态
九芝堂
确认函
茶业
而定
口
学
黄伟兴
瑞尔
管路
永佳
夯实
证明
广丰
梅里
连接器
国际经贸
法人代表
五个
源星
思弘瑞
玉玄宫
二方
Casino
中文名
浙富
提取物
惠洋
余姚
安桥
技术创新
共建
中机
六院
宝鹰
塑料制品
新昌县
住所地
工
电明
第二日
技术转让
拟经
真空
东阳市
科学院
第三期
至此
屋顶
联银
材料科学
海瑞
旭明
天互
万国
表示同意
金羽
相互合作
阜康
福州路
首尔
中贝
青浦区
盛宇
视同
东鸿
兴福
方庄
旭日
肥料
仍然
都市报
宏盛驰
伏
除息
邦尼
赤壁
换热器
张玉祥
波
顺城
铜化
电路板
泰金
诺博尔稀
指为
银通
配电房
锑
李慈雄
万隆
聚酰亚胺
测控
泰中
性保
万力
商南县
新峰
桃源
多功能
薪想
顾
联谊
商都
Solar
旨在
大立
常隆
侨
天宝
生产性
巴州
投为
房屋产权
经歌尔
声学
淳安
张海霞
精化
纤维板
东大街
购
银企
风险投资
聚
找
陈劲松
四期
海烟
QNUM
购房
期自
我来
挤压
雅百特
新网
甲天下
旺
加滋杰
最新
向质
抗体
规模化
邹平
解放路
永益
铝板
韩亚
宏创
陈哲明
虎
六位
阳澄湖
一股
测绘
先科
梦龙
吴中区
达产
DE
风行
快捷
埭
京房
手机游戏
问泽鑫
生产成本
益生种
畜禽
临江
嘉事
锡洲
双
LUXSHAREPRECISION
织物
墨龙
蔡小如
麦克斯
齐峰
孙烨
迎宾路
矿机
多次
／
浙江大学
云锋
南站
仲裁
村村
账后
以岭
光船
侧
顺风
严格控制
崇仁
联讯北
海博
金瑞
双流
信戈
雪峰
白
哈尔滨工业大学
第五十五
调减
燕塘
粤垦
不利
相城
甄别
高成长性
纳尔
喷印
纳慧
温控
曼
邮通
信合
泰梧
水泽
之中
昭阳
张雁冰
新宁
肃州区
庆汇
博鸿
赞同
石墨
宇航
三宝
万顺
毗邻
华铂
医惠
所有制
德努弗
东硕
机械工程
林祯
制动器
联通
胡永忠
贾跃亭
测
新思
辖属
海关
岳普湖县
莎车县
晓程
减
数宝
惠明
赞助商
巨能
聚龙
福地
松江区
一通
解百
产业资本
巧乐
凤市
保灵
春霖
水美
梅安森
和晶
据
安科瑞为
火焰
吴通
掌趣
发展趋势
固态
百旺
第三批
明阳
IT
方达
陶荣
润生
天宏
合作经营
注压
汇鑫富
诚益通
亦庄
星野
邮政
名单
弘信
一般性
三门峡
里程
天台山
山钢
散运
巴郎
医控
国家开发投资公司
加盖
公章
所属单位
东西
致中
新疆维吾尔
兑现
张新
权第
一艘
上汽
龙头
高技术
东睦嘉恒
注册号
浩业
植物油
牌
保险公司
阳坝
沪东
赛特
华升
仪征
制备
凯圣
预应力
夏宫
马江
陈明
杨景林
太龙
圣雪
青岛碱业
屹
阳西
山镇
汪纯夫
诗
李非文
敦豪
快件
金威
寸滩
浦建
收购价
宏兴
华耀
随之
兴裕
平稳
旭光
汤山温泉
徽融
中庚
春天
热火
煤层气
介休市
东洋
远洋运输
九龙江
龙元
菲
奈斯
香梨
乌钢
本溪满族自治县
换热站
豫光
锡山
商汇
狮头
联虹钼业
联虹
方兴
弘道
希陶
专用线
舜禹
灯市口
三爱富
化成
箔
关连
西盟
丰琪
迎春
低者
中国高科
煤华晋
索普
沈北
沈煤
浦庆
华格
国电电力
金银
瓦顿
竹叶青
谷元
丹青
二路
泺
宝应
三圣
宫
兰海
龙田
海连
湖滨
遂川
深发展
高岭土
有喜
武望国
刘敬
曹贤庆
晋亿
大秦铁路
宁波港
一拖
SF
建宁
太平洋保险
清水塘
兑换
闽西
翠微
华贸
Investments
易捷
博迈科
钴业
上铁
继峰
科学城
海上
英镑
汇荣
一座
度假村
精准
大佛
马岭
孙连仁
华芳
郭庆
综合楼
正向
四个
千禧
静园
Branch
商置
远航
名表
徐东升
刘爱义
张宏光
章顺文
调
笋岗
辽弹
兴合
下降
给付
乾
产业政策
国产
惠东县
新皇明
圣廷苑
长兴
万载
昊恒
伍亿
国外
拒绝
送达
时骏
AND
汇泽
永亨
税金
康宏
G
东城区
星火
光彩
志强
东深
HOLDING
交纳
实验室
王立
四十二
货车
市民
明信
可持续性
最
长短期
企业债券
培训中心
机器厂
计算机软件
平板
试点区
两湾
首茂城
信息港
三十次
预留
货物运输
分拨
报验
揽货
订舱
跑道
划拨
供冷
公共服务
较强
赛勒
高际
恒荣
范畴
担保物
中晟
天骄
京华
America
北美
许继
送
需在
ST
科龙
巴塞罗那
胜通
利于
坐标
报
人数
旭福
六号
美兰
开曼群岛
摘要
聚宝
七号
深通
Aerospace
还本
天竹
上面
折旧
港华
兴义
日均
佛开
天河区
路面
定增
滘
以期
SNUM
碧辟
化工原料
水厂
新村
投创荣
晨薇
调查
轮船
后劲
肥东
国用
评字
一名
无异议
执信
号码
上升
天使
采埃孚
~
挖掘机
家用空调
许楚
顺特
燃气具
万泽碧轩
面板
国家电网
沙
积累
修订本
新塘
风险管理
云岩区
安安
井
观山
佛照
原由
完
密
赵辉
林西
金灵
乡情
压铸
熊春英
废旧
烧碱
一亿五千万
莱德
洛克
前提条件
骨干成员
盈利性
景德镇
严重
四季
事
案
家乐
药都
确立
李磊
离退休
防城港市
中一
友利
熊
口服液
十七层
解押
稠州
南靖
配
旌能
无力
已到
贡酒
瑞景
异地
云创
特许权
汇海
盈利模式
南港
美联
杭报
盛元
千元
秦颐
以到
神农
傅军
信诚
官窑
协作
百色
融达
联营
小商品
当中
违反
银隆
然后
两次
多方
七千
水乡
上账
盛牧
百俊
汇茂
星沙
二千
王涛
天广
三网
社会效益
织造
国财
城中村
博园
苏南
NUMPNUM
腾耀
极
隽隆
角美
十里
国民
福璟
诺亚
金川
中博
盟将威
成成
创景
向恒天
AV
CELL
恒借
熊强
李剑
济宁市
产投
发表意见
以所持
贺占海
贾栓
爱国
内蒙古自治区
溶剂
纤维素
庙
东矿
同盈
网址
棋盘山
煤炭市场
财务会计
丝路
通知函
鑫海
雷华锋
理由
无有
表达
意件
宜留
下届
诀
张政
张士
明慈
乌海
邯宝
成本费用
贝瑞和康
郭绍全
判断
城改
黑五类
天臣
锂离子
烧结
严
发电量
除尘器
美锦
太岳
废
刘子斌
王方水
秦桂玲
万吨级
陈俊丽
≤
希盟
开发利用
鸿运
长空
锌业
丰喜
数字化
阳极
锌锭
日喀则
保健
漳电
蒲洲
同华
中意
冷库
政府部门
退城
茂
注射剂
肿瘤
涌山
债务额
YYTNUM
十二
十二月
扶贫
城关
张掖
建成投产
股份有限
特立
关键技术
对国
社
南航
五期
向本
国色天香
登峰
影联
以西
疾病
润鑫
精深
汇鑫
源鑫
当期
财务报告
创维集团
且经
猫
卷烟
所用
绩效
内容摘要
锦化
彭
第十三届
合资方
授
这
枝江
八年
该募
德运
一揽子
松山湖
委
受损害
光纤
负有
红树林
三机厂
江钻
沙市
备品备件
备件
张辉
环星
展贸城
千瓦时
淝
一起
并网
圭泽
创始人
一户
李伟
凯因
万贸
镕
海融
兴达
常青
义马
三处
号召
农发
光通
江阴市
服务器
联向
静安
丰中
内燃机
三明
贵景
锦语
圣象
崇左
医投
温岭
晖
亿通
沃顿
杭商
宝石
机电工程
周期长
新盛
成府
仁达
总包
发包
颁发
亚会
亚评
新发
本地
摩根
显德
汪矿
陶一矿
中盈
火电厂
达信
轻型客车
一厂
京津冀
三路
住宅小区
从中
深加工
钽
国科
一支
队伍
专门
英文
环节
工厂区
石羊
金辉
春晖
银亿同
其以
登福康
每期
环三
现代化
国际期货
弘卓
袁策
遗传工程
雄性不育
资料
申先生
嘉众
鸿达
周贤清
星锋
玉龙雪山
柯桥
路北
精
细则
精雷
凯恩
琅
世荣
东洲
共应
吕钢
海特
北段
旗舰店
Universe
淮安市
凝聚力
林泉
京航
管委会
为百得
潘浩标
李军
小组
秦安
贫困地区
普仁鸿
乌江
电子行业
海昌
POS
韩雷
袁佩良
游权
骆家
破产
网络平台
专利权
回售
同舟
即以
泸西
弥勒
磷化
英杰
朱磊
尹明
空地
整治
住宅楼
山区
项目法人
湛江市
鲤鱼潭
晋丰
高陂
水利枢纽
大布
床
海石
可收回
港龙
天章
迪拜
乐源
台新
函件
马崇基
中泰
喜
高性能
限制性
何毅
供电局
医药公司
估
订货
康宁
建兴
州
人币
中轻
野山参
红樱
徳昊邦
国银
龙门
网荣信
天台县
创始
再生能源
聚光
亿汇
康尔富
联鸣
广宇安诺
亚马逊
外墙
舜
容器
小寨
生态农业
南漳
神农架
罗伯
积极性
毕卡
精美
其抗
锐德
铭瑞
澳特纤
针织
驰游
恒定
御新
乐金
打印
报刊
斧子
赣州市
赣金
丰和通
卓优
前海怡
一冉
百子
一马
申牛
仙湖
旺达
家氏
申杰
德风
基腾
百货大厦
第十层
第十一层
流花
展馆
劲嘉
甘孜州
胡志明市
丽水
电话
近年
胜强
福强
借给
立项
国水
微
海威
建化
仅为
申请书
创越
助剂
伟伦
作物
农泰
东岗
恒山
中医医院
每平方米
钟烈华
蓬莱
华橙
华飞
UK
金兴
易杯
德正信
可分次
原型
发布公告
芳纶
合法权益
新设
广元市
万能
五一广场
黄金珠宝
分为
及须
梁健锋
宝奥
奥飞贝肯
奥迪
玩具
伟徽
中地
海赋
洺
李家
长寿
向上
计费
张振新
文信
穿孔
天信
淮国用
特新
棣
王明
科华恒盛
禹衡
瀚广
马中骏
琢胜
邰正彪
马鞍山市
全人源
单克隆
汽车产业
英泰
斯特
王荣安
卓翼
夏曙东
欣欣
炫维
赵平
何威
施漪
冯建召
蒋林娜
承担责任
半球
永创
电气设备
日泉
揭阳
知合
为云谷
神飞
升腾
隽丰
新沂
赊销
海华君盛
千岛湖
徽合台
重大项目
光兆
金皮宝
魏公村
潘重予
能翔
按同
地锚
亚威朗
减免
杨国平
涉外
电池组
蔡
银川市
先创
创利
Kingenta
Investco
远方
清园
黄志明
圣源
领取
张云
恒投
化石
锐岭
嘉隆
孚宝
日升昌
星生园
中顺
王红雨
施延军
泰亚
优瑞科
恩菲
金铜
阴极
现金流量
煤机
田拟
朱丽霞
德善
捷航
创领
亚威
张秉新
胜尔
张民
清新
郝姆斯
蓬勃发展
志恒
泰河
力脉
安磁
医药企业
弥坤
大莲
盛康
制造业
大规模
申东
奥佳华
蒙发利
笑
顺宇
益典弘
竞弘
江斌
谋求
境段
钱
安洁
弄
纳曲
宏磊
合利
博彦
海思康
盈智威华
科迪威
弘睿
鲁证
水资源
雷斯
废料
华藤
龙洲
龙岩市
博林特
博奥
真趣
欧浦智网
比邻
弘科
内乡县
日牧原
曹治年
金贵
加盟
海富
针布
方胜
乳品
孙清焕
其因
整于
凯莱
贝肯
豪弘
贝尔
实丰
贯彻实施
航
漫游
移动游戏
蓝鸥
九龙坡
金建
刘楠
安科
乐易考
亿纬
储敏健
香港网
第八支
小型
真
王忠军
创星
卓超
思博迈
知卓
昊诚
澳加
简新
赛为
恒创
英泽
任一
百分之九十
博伦
鹏德
众智
同辉
思恩客
今久
捷报
海兰天
进而
超细
经营项目
迪思
华平
射频
另行通知
蜂云
滕州
精雕
自该
隆格
铁研
瓷业
焚烧
严峻
监狱
国翼
乐视
乳粉
优创
光能
七台河
零利率
牛栏山
林海峰
中瑞华普
瑞久
宠物
瑞派
智仁
神光
华数康
东台
龙晟
类保函
配天物
物联
导
宋城七弦
金葵花
佰悦
有加
佰腾
佰禧
科融
金坛市
海神
赠与
盐市口
北清路
天利
NUMS
天晟新
丽得富
硬
新园
洋
市监
福安
高梅
中国足球协会
冠名权
核能
纪生物
成纪
印刷厂
欣威
锂威
禹科
哥德尔
海平面
航通
药机
谭颂斌
君正
新合盛
墨松
龙胜达
考
稳步发展
向赛
伊赐诺
产业区
亿金
网经
帅放文
授权代表
开能
光利
三扬
施桂娣
付艳杰
崔万涛
米健
视效
卓业
品上
香蜜
吕伟
泰科
西谷
九赋
晶圆
代工厂
流片
芯颖
陈作涛
外商投资
众德
包园
樊立
东京
楚
澎湃
Romaco
湾流
何思模
塔桥
光环
盛彩
三合
铸件
泰州市
天彩
时尚频道
迈克
Grindr
自贸
弘毅华浩
浙通
榕安
玹
平禄
风体
坤体
风辉
张征宇
阿诺
北京经济技术开发区
伟达
鹰
速宝
朱绍卿
王继华
上优
中景
地景
信息中心
吴世雄
同益
贝达
庐江
甄胜
捷瑞
赢琅
梦戴维
水星
博桑
宝钢股份
载重
指挥部
赤水
川黔
界
巴郎河
川南
天津市政
巷
梅雁
古越
正业
太阳宫
丰榕
绿园
Libor
九院
乙二醇
聚酯
维药
普克
伟世通
友联
BPO
长乐市
康隆
埃尔顿
漳平
青菁
林场
维尼纶
普华
绿鑫
陆上
般若
湖南路
常德市
临澧
中晚
籼稻
逐项
蒋立章
商务楼
京广
资评
兴山县
兴磷
超思
一东
离合器
湘财
延平
拖拉机
武汉三镇
潘刚
致盈
天地人
天祥
陈启宇
汪群斌
康岚
平耀
天勃
营养品
科航
泉城
国奥
天福
元正
三科
省城
版纳
沙河口
蔗糖
选
市飞尚
亚中
杉
富远
接大
三足鼎立
赵沪湘
陆运
华合
尹成国
田继生
王文治
多用途
房管
果园
繁华
创泓
亿阳
电冶
收购量
大雁塔
镇江市
平高
枣花
面业
威朋
品汇
青羊区
铧融
长茂
保兑
中汽凯瑞
歌石祥金
营辉
下跌
裕泰
风陵渡
LIBOR
超导
红蝶
凭祥
博能
万林
预售证
红豆
新润
五彩
水泵
华方
创量
柳化
中将
三鹿
南牧兴
婴幼儿
健控
原纸
滨城区
赛马
胡健
士腾
付款日
派生
荣山
橡
华光
箱体
利士
氨基酸
皮质激素
欣向
德寰
汽运
方大春鹰
海缆
南金兆
天威英
潜江市
尚投
日大
谐云
希尔
YAMGAZ
YAMALLNG
海一
龙溪
荷斯坦
五叶
表贴
陈铁铭
辉煜
吴捷春
冯斌
鼎立
临县
富控
环指
鸿港
康泽
柯莱逊
投置
智能卡
技校
明友
申
Securecorp
TPG
曹德旺
曹晖
唐城
顾乡
薄荷
田湾河
金鉴
水湾
奥健
专属
国鼎
通圻
枣阳市
哈办
沱牌
舍得
银鑫
埃玛
深层次
二种
福瑞驰
海曙城
焦炉煤气
昆国用
海地人
小海豚
马腾
电广
浩大
减值
保德
豪杰
网新恩普
网新赛
建福
金钥匙
孙维乐
张禄林
田军
马钢
国之杰
春景
宋沈建
乾慑
好美家
宝善
春秋
金煤
迪顺
同济大学
博尔塔拉蒙古自治州
群力
肇东
卡欧
宜能
含山
高低压
开关柜
金羚
远安
清心
东联
高崎
机坪东
扩一
二段
匝道
北奔
钱营孜
金顺
飞利
爱康富
罗纳
临潼区
出行
三峰
鲜生店
铅业
FerrAus
大梁
力勤
Ameristar
Springfield
映君
铝厂
华南地区
中山医
安奕极
首山
中巴
陈卫
华仑
图书城
六艘
港城
五鑫
舍勒
上杭县
朝霞
华钼向
海矿
人民网
融屿
音飞
康祥
惠中
沪瑞
Fleder
海洋渔业
亚邦
福鞍
龙南
诺华
鹏富
尽量
上工
雷度
冉瓴
诚意
谷红
红庆河
内地
_
交叉
女婿
细分
意愿
南玻硅
六层
四位
祥
两块
深房
地字
勘测
第三项
Mega
钟楼
年止
北湖
魔方
迪克
达赉湖
加纳
配售
存续期
香港联交所
安联
八卦岭
帐户
深耕
富国
鹰潭市
上涨
超临界
容量
并经
燃料油
此类
海情
深鸿
专业性
地号
万载县
罗湖
二线
公证费
柒亿伍
叁拾
杂费
WING
LUNG
德成
OF
裙楼
奥体
南楼
H
管理工作
产权证
标识
动工
桩基
J
重点项目
业务管理
「
科投
」
结余
计算机系统
柳
董监
三十六
长期债务
万坤
墨西哥
号线
铜矿
相比
获批
区政府
冠捷
六方
基金项目
科研成果
请见
北区
合理配置
航站
货站
梳理
泰科立
水岸
涂
反
盛泽镇
陆伟
徐晴
发包方
管理模式
云纺城
Corp
充换
保险代理
步骤
市场运作
汇至
瑞士
温州市
用餐
基板
李铁
美元兑
多元
并存
名为
AALL
Capital
一栋
南京城
液化
过渡
聚氯乙烯
承继
徐工施
维英
物品
金融危机
惯导
天之星
所持浩搏
德军
张经
经投
投标人
叁仟
坐落
誉为
外方
信任
货源
华塑
龙腾
开出
金仓
差异
连云港市
捷程
租赁费
荣方
香华
荣美
浙
广塑
宏观经济
抢抓
同为
LZZF
食品安全
依约
水质
瑞信
星蓝
三新
深东
莆田
超康
战略意义
雷州
镇海
批次
乌当
走出
方岳亮
航天工业
范
拍
厅
为经
何道峰
折扣
该类
失效
技术支持
本溪市
忠县
头孢
经办
廉桥
老窖
泸州市
中介
汽柴
人马
尝试
涪陵区
北面
华闽
平山
亳州市
汇景
山东鲁能
协议价
旅
币
水务局
明诺
艺力
本笔
更为
柴油机厂
长石
宽限
南充
冯
传统
鸿雁
象山县
八名
统
紧抓
较长
荟春
门头沟
兑付
文龙
以向
慎重考虑
泰新
汇洋
高尔夫
刘道明
申银万国
荣丰
履行合同
吴洁
苏地
升龙
鑫博
惠友
浙中
利腾晖
信财
鼓楼
现应
干法
上诚
正弘
德普
同鑫
东立
公寓楼
三十九
工矿
八个
官方
热源
三笔
凭
新国
塑料机械
广汽汇理
盛以
占逸
大化
清理
江夏
中厚板
邯钢
高强度
废止
公共设施
守信
匹配
鲁能泰山
电力电缆
民营
发光
AMOLED
加油站
墙体
中维
英属维尔京群岛
我国
号宗地
呈贡
分社
焦炭
动控
双赢
漳州市
程度
鹏翔
吉尔吉斯
蒙古
分离
萃取
融沣
永康
辆
北大人民医院
永星
专门从事
国广华屏
鸿立
除了
文明
安装公司
本章
车城
法院
云铝润鑫
改
创能
恩
乌兰浩特
轻机
单
自提用
国瑞
格莱铂
与非
丹
售后服务
莞深
比较
制动
富润
划入
南宾
机电产品
夹层
下一代
华茂
定做
曹妃甸
＜
＞
里克
吴忠
温
中鹰
霍煤
寓
汽
秦
SAP
数据处理
漯河市
津汇
增进
后天
高品质
镀锌
经与江
时空
我
云内
海沧
二者
拉动
拖欠
银剑
数源
丹阳
日至质
美时
远丰
浸辉
广西南宁
醇业
沂南县
宣工
成尚
金昌
资本性
与此同时
鹏润
Singapore
取决于
加入
再融资
国土资源厅
软件系统
调增
方与
充裕
弛源
证券交易
集团化
阳桂莲
旧
抵偿
海生
镁合金
铌
熔铸
铍
多项
会计年度
总装机
乐城
增容
锡林郭勒盟
气化
额未
高升
蓝鼎
元及
中间级
这些
紧张状况
振国
华清
嘉合
捷利
辣椒
巴南区
左宗
计划指标
雪山
天极
科康
收
胡殿
万套
航宇
每个
信汇
世荣兆业
梁家
经常性
广丰县
INVESTMENT
埃
嘉石
润东
PPTV
等级
定
易贤忠
计租
挚信
金控拟
久久
专营
募资
欧德
龙潭
毛伟昌
华孚色纺
NUMR
R
德清县
时装
领导小组
甲级
创达
线下
分场
杨军
Commerzbank
Ansbach
邳州市
由国机
春辉
开远
恒
广源
人居
金平
重点县
水系
汤坑
丽园
和布克赛尔蒙古自治县
日于
远光
耐火材料
宜兴市
翠微路
鞋业
拟置
天晟
急需
国家外汇
赢富
皜
玻钢院
养老保险
BNPPARIBASFACTORASIALTD
齐家
车轮
盛泰
即付
高密度
自然
离子
催化剂
泰昌
商品交易
海翔
林文智
能特
江声
昊
驰远
未定
二十四个
韵达
兰德
正新
喜恩恩
蒙东
扎哈
淖尔
承包人
单晶
硅及
NUMGW
温岭市
张旭
巩义
之江
鹤鸣
鼎源
麦达
顺络
复合肥
佰金
华原
胡刚
河田村
二楼
得以
宁阳
丰泰
仅限于
银行利息
才刚
张华
宝淳
核名
临桂
东锆
琨
伦
为千足
淘
梅小明
武
尹
出让金
修建
纺纱
永盛
四楼
莘县
富邦创
地博
准油
方振
瑞城
丙烯
氢气
吴群
无机
蕉岭
海峰
有利条件
普特
天鹏
郴州市
空管
支援
列示
换发
铜川市
位置
大幅度
内生
构
高分子
瓶颈
及拟
О
天启
远志
数码城
帅民
七彩
办公用品
悦
沱
克州
黄秀芬
王柏兴
苗
聚川
网格
三十一次
乌龙
瑞哲
亚东
债转股
美新
明德
换热
版
遂宁
眉山
野马
郑俊卿
张开
酒仙桥
浪森
雅迪
张静
春阳
石油化学
采集
九泰
境内外
格特
罗云
和锐
经济区
霸州
彩玉
东旭成
取
仓山区
一项
函授
酷动
彩梦
莱蒙
思明区
金属加工
飞翔
物资公司
东环路
长白山
所有权证
王佳
经纪
版权
海盐
摩安
菲克
青铜峡
首日
Compo
高淳
生物化工
柏森
盛东
威望
永强
企业法人
除以
妹妹
京南
裘皮
蔷薇
志诚
燕
艾诺
飚
食品城
价后
丰东
金财
博华
云冷
d
梅园
郭现
郭浩
重型机械
泰鸿拟
福海
陈先保
亿港元
五方
汇众
封头
儿子
溢
成业
株洲市
图
百润
婴童
全球化
四化
恒大新
永中
蟒佰利联
医
体制改革
赣发
公斤
顺泰
KUC
外包
长期投资
德尔
瑞典
达克
佳运
玖佰玖拾
佛慈
马强
博瑞惠佳
Hongkong
共达
金鹏
翔科
杨永柱
赵国
友军
华菁
营销策划
节目
裕德
百跃
忠义
余天
乘以
纪鸿
冯滨
拟设
银业
粤信
募
众兴菌业
柯利达
鲍杰军
水下
直营店
数控机械
翰昂
HANON
斯凯孚
乐普
康源
招聘
林亚琳
敏特
华诚
亿纬锂
陈邦
西园
溪
亚信
姚小青
朝外
胡明
安定门
凯宝
新谊
畅
鼎利
万邦
蒋晞
丽阳
东胜区
风逸
家景
天健源
二手车
料
省属
夏军
众华
饲草料
吉药
可信
北京市政府
八九
智飞
汇川
劲浪
视界
巴音郭楞
环能
万港元
克莱门特
集镇
金光
FiberPapertechEngineering
TradingLimited
技术实力
博发
由恒泰
松德新
钟
冠华荣信
信向
欲
华亿
吉格
EMC
菠萝
法雅
明家
银桦
深越
光强
联建
吕宾
里
德梅柯
徐宏斌
小荷
翰墨
宏丰
陈晓
嘉塘
新外
嘉慧
NIPRO
亲属
微贷
亚鸿
蓝晶
金赋
陈江涛
健全
激励机制
约束
LQMT
同志
壕
运费
张京豫
学缘
华栋
同历
淳义
汉唐
网力
董
导向
TAHOE
地尔
周亚辉
方汉
风秀
邹炳德
鲍斯
毛志平
康拓
镭
芯之存
光典
一批
曹洁
梅一多
李敏
李维宁
彭运平
软件开发
博思
刘莉
视信
英飞特
欧普康视
减为
国债
福信
石臼
调车
方法
两艘
散货船
列席
上海浦东新区
大队
NUMBP
生猪
匈牙利
恒都
大奇山
赵宁
成品油
天池
海华
债
金皇
涪
李进福
芋兴
粉业
涌立
英华
津西
信甬
溪河
中国航天科技集团公司
担保法
民用航空
面制品
金霞
阿坝州
沙牌
游建鸣
转股
总社
东城
濮院
宇量
三山
农药
瓮安县
家纺
雪松
微谷
华辉
城市排水
墨烯
兵器工业集团公司
应用光学
建隆
大于
蓝图
后山
辛笛
牟伟刚
谢皓明
东岳
龙滩
国锐民合
成域
化建
百业
单晓钟
烯烃
嘉禾
白骅
全面实施
昌鱼
盛迪
东博
元中
作业区
金福润
改建工程
建管
陈燕
大恒
乐清市
普耀
Success
御街
天房
华宜
昌都
高争
自其
宏仁
景丰
鼎通
下行
寿阳
拆放
精伦
场馆
丁兴贤
刘志刚
榕泰
北京巴士
华侨银行
美域
天腾
兰摩云创
盛强
双桥
卓创
水中
供用电
电力机车
士兰明
中国船舶重工集团公司
并非
联合开发
佳宝
引领
套期
凉山
铁选
西方
悬架
赛奥
废水
蒙永涛
高纤
集体
钙业
丙烯腈
日山
金鹭
马坑
乐电
合讯
实业公司
打
鸿润丰
蚂蚁
领壹
福鼎
八一
八钢
基匹欧
银杏
纬
垦丰
思佰益
金穗路
烟酒
本市
宁夏路
白塔
光控
安石
中安消
LPNUM
储蓄银行
朱家角
滩涂
造地
曹飞
惠澄
÷
常林
朔州
海舜
华劲
大显
北京市第二中级人民法院
峪
牟
制气
轻烃
张宏伟
暂名
耀皮
一号线
浦星
阿拉山口
业务部
世界贸易中心
小村
洛玻
唐镇
仪邦
联明
唐银
桃花江
盟威
岳池
机械化
蜜蜂
楚昌
铁路局
隆基绿能
尉氏
罗勇
班罗
吉鑫
宇清电
唐乾
铁工
余德辉
平宝
可回收
明泰
邦特
滨化
拓普
邬
建树
锚链
兴杭
中国烟草
中衡
丛中
港中旅
腾龙
迎驾
维格
鸣志
王珍海
四通集团
广展通
九元
立洋
河间市
栾川
